Component: ARM Compiler 5.05 update 1 (build 106) Tool: armlink [4d0efa]

==============================================================================

Section Cross References

    startup_stm32f10x_md.o(STACK) refers (Special) to heapauxi.o(.text) for __use_two_region_memory
    startup_stm32f10x_md.o(HEAP) refers (Special) to heapauxi.o(.text) for __use_two_region_memory
    startup_stm32f10x_md.o(RESET) refers (Special) to heapauxi.o(.text) for __use_two_region_memory
    startup_stm32f10x_md.o(RESET) refers to startup_stm32f10x_md.o(STACK) for __initial_sp
    startup_stm32f10x_md.o(RESET) refers to startup_stm32f10x_md.o(.text) for Reset_Handler
    startup_stm32f10x_md.o(RESET) refers to stm32f10x_it.o(.text) for NMI_Handler
    startup_stm32f10x_md.o(RESET) refers to usart1.o(.text) for DMA1_Channel5_IRQHandler
    startup_stm32f10x_md.o(RESET) refers to usart2.o(.text) for DMA1_Channel6_IRQHandler
    startup_stm32f10x_md.o(RESET) refers to capture2.o(.text) for TIM2_IRQHandler
    startup_stm32f10x_md.o(RESET) refers to capture.o(.text) for TIM3_IRQHandler
    startup_stm32f10x_md.o(RESET) refers to timer.o(.text) for TIM4_IRQHandler
    startup_stm32f10x_md.o(.text) refers (Special) to heapauxi.o(.text) for __use_two_region_memory
    startup_stm32f10x_md.o(.text) refers to system_stm32f10x.o(.text) for SystemInit
    startup_stm32f10x_md.o(.text) refers to __main.o(!!!main) for __main
    startup_stm32f10x_md.o(.text) refers to startup_stm32f10x_md.o(HEAP) for Heap_Mem
    startup_stm32f10x_md.o(.text) refers to startup_stm32f10x_md.o(STACK) for Stack_Mem
    system_stm32f10x.o(.text) refers to system_stm32f10x.o(.data) for SystemCoreClock
    delay.o(.text) refers to misc.o(.text) for SysTick_CLKSourceConfig
    delay.o(.text) refers to system_stm32f10x.o(.data) for SystemCoreClock
    delay.o(.text) refers to delay.o(.data) for fac_us
    sys.o(.text) refers to misc.o(.text) for NVIC_PriorityGroupConfig
    stm32f10x_gpio.o(.text) refers to stm32f10x_rcc.o(.text) for RCC_APB2PeriphResetCmd
    stm32f10x_rcc.o(.text) refers to stm32f10x_rcc.o(.data) for APBAHBPrescTable
    stm32f10x_tim.o(.text) refers to stm32f10x_rcc.o(.text) for RCC_APB2PeriphResetCmd
    stm32f10x_usart.o(.text) refers to stm32f10x_rcc.o(.text) for RCC_APB2PeriphResetCmd
    bsp.o(.text) refers to misc.o(.text) for NVIC_PriorityGroupConfig
    bsp.o(.text) refers to driver.o(.text) for driver_init
    bsp.o(.text) refers to delay.o(.text) for delay_init
    bsp.o(.text) refers to capture2.o(.text) for TIM2_Cap_Init
    bsp.o(.text) refers to capture.o(.text) for TIM3_Cap_Init
    bsp.o(.text) refers to usart2.o(.text) for usart2_init
    bsp.o(.text) refers to timer.o(.text) for timer_Init
    bsp.o(.text) refers to pwm.o(.text) for TIM1_PWM_Init
    pwm.o(.text) refers to stm32f10x_rcc.o(.text) for RCC_APB2PeriphClockCmd
    pwm.o(.text) refers to stm32f10x_gpio.o(.text) for GPIO_Init
    pwm.o(.text) refers to stm32f10x_tim.o(.text) for TIM_TimeBaseInit
    capture.o(.text) refers to stm32f10x_rcc.o(.text) for RCC_APB1PeriphClockCmd
    capture.o(.text) refers to stm32f10x_gpio.o(.text) for GPIO_Init
    capture.o(.text) refers to stm32f10x_tim.o(.text) for TIM_TimeBaseInit
    capture.o(.text) refers to misc.o(.text) for NVIC_Init
    capture.o(.text) refers to capture.o(.bss) for Tim3_Capture_1
    capture2.o(.text) refers to stm32f10x_rcc.o(.text) for RCC_APB1PeriphClockCmd
    capture2.o(.text) refers to stm32f10x_gpio.o(.text) for GPIO_PinRemapConfig
    capture2.o(.text) refers to stm32f10x_tim.o(.text) for TIM_TimeBaseInit
    capture2.o(.text) refers to misc.o(.text) for NVIC_Init
    capture2.o(.text) refers to capture2.o(.bss) for Tim2_Capture_1
    timer.o(.text) refers to stm32f10x_rcc.o(.text) for RCC_APB1PeriphClockCmd
    timer.o(.text) refers to stm32f10x_tim.o(.text) for TIM_TimeBaseInit
    timer.o(.text) refers to misc.o(.text) for NVIC_Init
    timer.o(.text) refers to app.o(.text) for APP_Init
    timer.o(.text) refers to timer.o(.data) for time_cnt
    usart1.o(.text) refers to stm32f10x_rcc.o(.text) for RCC_APB2PeriphClockCmd
    usart1.o(.text) refers to stm32f10x_usart.o(.text) for USART_DeInit
    usart1.o(.text) refers to stm32f10x_gpio.o(.text) for GPIO_Init
    usart1.o(.text) refers to stm32f10x_dma.o(.text) for DMA_DeInit
    usart1.o(.text) refers to misc.o(.text) for NVIC_Init
    usart1.o(.text) refers to fflt_clz.o(x$fpl$fflt) for __aeabi_i2f
    usart1.o(.text) refers to fleqf.o(x$fpl$fleqf) for __aeabi_cfcmple
    usart1.o(.text) refers to rt_memcpy_v6.o(.text) for __aeabi_memcpy
    usart1.o(.text) refers to usart1.o(.bss) for buffer_UART1
    usart1.o(.text) refers to usart1.o(.data) for data_now
    usart2.o(.text) refers to stm32f10x_rcc.o(.text) for RCC_APB2PeriphClockCmd
    usart2.o(.text) refers to stm32f10x_usart.o(.text) for USART_DeInit
    usart2.o(.text) refers to stm32f10x_gpio.o(.text) for GPIO_Init
    usart2.o(.text) refers to stm32f10x_dma.o(.text) for DMA_DeInit
[...]
    __rtentry2.o(.ARM.Collect$$rtentry$$0000000A) refers to libinit.o(.ARM.Collect$$libinit$$00000000) for __rt_lib_init
    __rtentry2.o(.ARM.Collect$$rtentry$$0000000B) refers to boardinit3.o(.text) for _platform_post_lib_init
    __rtentry2.o(.ARM.Collect$$rtentry$$0000000D) refers to main.o(.text) for main
    __rtentry2.o(.ARM.Collect$$rtentry$$0000000D) refers to exit.o(.text) for exit
    __rtentry2.o(.ARM.exidx) refers to __rtentry2.o(.ARM.Collect$$rtentry$$00000001) for .ARM.Collect$$rtentry$$00000001
    __rtentry2.o(.ARM.exidx) refers to __rtentry2.o(.ARM.Collect$$rtentry$$00000008) for .ARM.Collect$$rtentry$$00000008
    __rtentry2.o(.ARM.exidx) refers to __rtentry2.o(.ARM.Collect$$rtentry$$0000000A) for .ARM.Collect$$rtentry$$0000000A
    __rtentry2.o(.ARM.exidx) refers to __rtentry2.o(.ARM.Collect$$rtentry$$0000000B) for .ARM.Collect$$rtentry$$0000000B
    __rtentry2.o(.ARM.exidx) refers to __rtentry2.o(.ARM.Collect$$rtentry$$0000000D) for .ARM.Collect$$rtentry$$0000000D
    __rtentry4.o(.ARM.Collect$$rtentry$$00000004) refers to sys_stackheap_outer.o(.text) for __user_setup_stackheap
    __rtentry4.o(.ARM.exidx) refers to __rtentry4.o(.ARM.Collect$$rtentry$$00000004) for .ARM.Collect$$rtentry$$00000004
    sys_stackheap_outer.o(.text) refers to libspace.o(.text) for __user_perproc_libspace
    sys_stackheap_outer.o(.text) refers to startup_stm32f10x_md.o(.text) for __user_initial_stackheap
    exit.o(.text) refers to rtexit.o(.ARM.Collect$$rtexit$$00000000) for __rt_exit
    libinit.o(.ARM.Collect$$libinit$$00000000) refers (Special) to libinit2.o(.ARM.Collect$$libinit$$0000002E) for __rt_lib_init_alloca_1
    libinit.o(.ARM.Collect$$libinit$$00000000) refers (Special) to libinit2.o(.ARM.Collect$$libinit$$0000002C) for __rt_lib_init_argv_1
    libinit.o(.ARM.Collect$$libinit$$00000000) refers (Special) to libinit2.o(.ARM.Collect$$libinit$$0000001B) for __rt_lib_init_atexit_1
    libinit.o(.ARM.Collect$$libinit$$00000000) refers (Special) to libinit2.o(.ARM.Collect$$libinit$$00000021) for __rt_lib_init_clock_1
    libinit.o(.ARM.Collect$$libinit$$00000000) refers (Special) to libinit2.o(.ARM.Collect$$libinit$$00000032) for __rt_lib_init_cpp_1
    libinit.o(.ARM.Collect$$libinit$$00000000) refers (Special) to libinit2.o(.ARM.Collect$$libinit$$00000030) for __rt_lib_init_exceptions_1
    libinit.o(.ARM.Collect$$libinit$$00000000) refers (Special) to libinit2.o(.ARM.Collect$$libinit$$00000002) for __rt_lib_init_fp_1
    libinit.o(.ARM.Collect$$libinit$$00000000) refers (Special) to libinit2.o(.ARM.Collect$$libinit$$0000001F) for __rt_lib_init_fp_trap_1
    libinit.o(.ARM.Collect$$libinit$$00000000) refers (Special) to libinit2.o(.ARM.Collect$$libinit$$00000023) for __rt_lib_init_getenv_1
    libinit.o(.ARM.Collect$$libinit$$00000000) refers (Special) to libinit2.o(.ARM.Collect$$libinit$$0000000A) for __rt_lib_init_heap_1
    libinit.o(.ARM.Collect$$libinit$$00000000) refers (Special) to libinit2.o(.ARM.Collect$$libinit$$00000011) for __rt_lib_init_lc_collate_1
    libinit.o(.ARM.Collect$$libinit$$00000000) refers (Special) to libinit2.o(.ARM.Collect$$libinit$$00000013) for __rt_lib_init_lc_ctype_1
    libinit.o(.ARM.Collect$$libinit$$00000000) refers (Special) to libinit2.o(.ARM.Collect$$libinit$$00000015) for __rt_lib_init_lc_monetary_1
    libinit.o(.ARM.Collect$$libinit$$00000000) refers (Special) to libinit2.o(.ARM.Collect$$libinit$$00000017) for __rt_lib_init_lc_numeric_1
    libinit.o(.ARM.Collect$$libinit$$00000000) refers (Special) to libinit2.o(.ARM.Collect$$libinit$$00000019) for __rt_lib_init_lc_time_1
    libinit.o(.ARM.Collect$$libinit$$00000000) refers (Special) to libinit2.o(.ARM.Collect$$libinit$$00000004) for __rt_lib_init_preinit_1
    libinit.o(.ARM.Collect$$libinit$$00000000) refers (Special) to libinit2.o(.ARM.Collect$$libinit$$0000000E) for __rt_lib_init_rand_1
    libinit.o(.ARM.Collect$$libinit$$00000000) refers (Special) to libinit2.o(.ARM.Collect$$libinit$$00000033) for __rt_lib_init_return
    libinit.o(.ARM.Collect$$libinit$$00000000) refers (Special) to libinit2.o(.ARM.Collect$$libinit$$0000001D) for __rt_lib_init_signal_1
    libinit.o(.ARM.Collect$$libinit$$00000000) refers (Special) to libinit2.o(.ARM.Collect$$libinit$$00000025) for __rt_lib_init_stdio_1
    libinit.o(.ARM.Collect$$libinit$$00000000) refers (Special) to libinit2.o(.ARM.Collect$$libinit$$0000000C) for __rt_lib_init_user_alloc_1
    libspace.o(.text) refers to libspace.o(.bss) for __libspace_start
    rtexit.o(.ARM.Collect$$rtexit$$00000000) refers (Special) to rtexit2.o(.ARM.Collect$$rtexit$$00000004) for __rt_exit_exit
    rtexit.o(.ARM.Collect$$rtexit$$00000000) refers (Special) to rtexit2.o(.ARM.Collect$$rtexit$$00000003) for __rt_exit_ls
    rtexit.o(.ARM.Collect$$rtexit$$00000000) refers (Special) to rtexit2.o(.ARM.Collect$$rtexit$$00000002) for __rt_exit_prels_1
    rtexit.o(.ARM.exidx) refers (Special) to rtexit2.o(.ARM.Collect$$rtexit$$00000004) for __rt_exit_exit
    rtexit.o(.ARM.exidx) refers (Special) to rtexit2.o(.ARM.Collect$$rtexit$$00000003) for __rt_exit_ls
    rtexit.o(.ARM.exidx) refers (Special) to rtexit2.o(.ARM.Collect$$rtexit$$00000002) for __rt_exit_prels_1
    rtexit.o(.ARM.exidx) refers to rtexit.o(.ARM.Collect$$rtexit$$00000000) for .ARM.Collect$$rtexit$$00000000
    libinit2.o(.ARM.Collect$$libinit$$00000010) refers to libinit2.o(.ARM.Collect$$libinit$$0000000F) for .ARM.Collect$$libinit$$0000000F
    libinit2.o(.ARM.Collect$$libinit$$00000012) refers to libinit2.o(.ARM.Collect$$libinit$$0000000F) for .ARM.Collect$$libinit$$0000000F
    libinit2.o(.ARM.Collect$$libinit$$00000014) refers to libinit2.o(.ARM.Collect$$libinit$$0000000F) for .ARM.Collect$$libinit$$0000000F
    libinit2.o(.ARM.Collect$$libinit$$00000016) refers to libinit2.o(.ARM.Collect$$libinit$$0000000F) for .ARM.Collect$$libinit$$0000000F
    libinit2.o(.ARM.Collect$$libinit$$00000018) refers to libinit2.o(.ARM.Collect$$libinit$$0000000F) for .ARM.Collect$$libinit$$0000000F
    libinit2.o(.ARM.Collect$$libinit$$00000026) refers to argv_veneer.o(.emb_text) for __ARM_argv_veneer
    libinit2.o(.ARM.Collect$$libinit$$00000027) refers to argv_veneer.o(.emb_text) for __ARM_argv_veneer
    rtexit2.o(.ARM.Collect$$rtexit$$00000003) refers to libshutdown.o(.ARM.Collect$$libshutdown$$00000000) for __rt_lib_shutdown
    rtexit2.o(.ARM.Collect$$rtexit$$00000004) refers to sys_exit.o(.text) for _sys_exit
    rtexit2.o(.ARM.exidx) refers to rtexit2.o(.ARM.Collect$$rtexit$$00000001) for .ARM.Collect$$rtexit$$00000001
    rtexit2.o(.ARM.exidx) refers to rtexit2.o(.ARM.Collect$$rtexit$$00000003) for .ARM.Collect$$rtexit$$00000003
    rtexit2.o(.ARM.exidx) refers to rtexit2.o(.ARM.Collect$$rtexit$$00000004) for .ARM.Collect$$rtexit$$00000004
    argv_veneer.o(.emb_text) refers to no_argv.o(.text) for __ARM_get_argv
    sys_exit.o(.text) refers (Special) to use_no_semi.o(.text) for __I$use$semihosting
    sys_exit.o(.text) refers (Special) to indicate_semi.o(.text) for __semihosting_library_function
    _get_argv_nomalloc.o(.text) refers (Special) to hrguard.o(.text) for __heap_region$guard
    _get_argv_nomalloc.o(.text) refers to defsig_rtmem_outer.o(.text) for __rt_SIGRTMEM
    _get_argv_nomalloc.o(.text) refers to sys_command.o(.text) for _sys_command_string
    libshutdown.o(.ARM.Collect$$libshutdown$$00000000) refers (Special) to libshutdown2.o(.ARM.Collect$$libshutdown$$00000006) for __rt_lib_shutdown_fp_trap_1
    libshutdown.o(.ARM.Collect$$libshutdown$$00000000) refers (Special) to libshutdown2.o(.ARM.Collect$$libshutdown$$0000000E) for __rt_lib_shutdown_heap_1
    libshutdown.o(.ARM.Collect$$libshutdown$$00000000) refers (Special) to libshutdown2.o(.ARM.Collect$$libshutdown$$0000000F) for __rt_lib_shutdown_return
    libshutdown.o(.ARM.Collect$$libshutdown$$00000000) refers (Special) to libshutdown2.o(.ARM.Collect$$libshutdown$$00000009) for __rt_lib_shutdown_signal_1
    libshutdown.o(.ARM.Collect$$libshutdown$$00000000) refers (Special) to libshutdown2.o(.ARM.Collect$$libshutdown$$00000003) for __rt_lib_shutdown_stdio_1
    libshutdown.o(.ARM.Collect$$libshutdown$$00000000) refers (Special) to libshutdown2.o(.ARM.Collect$$libshutdown$$0000000B) for __rt_lib_shutdown_user_alloc_1
    sys_command.o(.text) refers (Special) to use_no_semi.o(.text) for __I$use$semihosting
    sys_command.o(.text) refers (Special) to indicate_semi.o(.text) for __semihosting_library_function
    defsig_rtmem_outer.o(.text) refers to defsig_rtmem_inner.o(.text) for __rt_SIGRTMEM_inner
    defsig_rtmem_outer.o(.text) refers to defsig_exit.o(.text) for __sig_exit
    defsig_rtmem_formal.o(.text) refers to rt_raise.o(.text) for __rt_raise
    rt_raise.o(.text) refers to __raise.o(.text) for __raise
    rt_raise.o(.text) refers to sys_exit.o(.text) for _sys_exit
    defsig_exit.o(.text) refers to sys_exit.o(.text) for _sys_exit
    defsig_rtmem_inner.o(.text) refers to defsig_general.o(.text) for __default_signal_display
    __raise.o(.text) refers to defsig.o(CL$$defsig) for __default_signal_handler
    defsig_general.o(.text) refers to sys_wrch.o(.text) for _ttywrch
    sys_wrch.o(.text) refers (Special) to use_no_semi.o(.text) for __I$use$semihosting
    sys_wrch.o(.text) refers (Special) to indicate_semi.o(.text) for __semihosting_library_function
    defsig.o(CL$$defsig) refers to defsig_rtmem_inner.o(.text) for __rt_SIGRTMEM_inner
    defsig_abrt_inner.o(.text) refers to defsig_general.o(.text) for __default_signal_display
    defsig_fpe_inner.o(.text) refers to defsig_general.o(.text) for __default_signal_display
    defsig_rtred_inner.o(.text) refers to defsig_general.o(.text) for __default_signal_display
    defsig_stak_inner.o(.text) refers to defsig_general.o(.text) for __default_signal_display
    defsig_pvfn_inner.o(.text) refers to defsig_general.o(.text) for __default_signal_display
    defsig_cppl_inner.o(.text) refers to defsig_general.o(.text) for __default_signal_display
    defsig_segv_inner.o(.text) refers to defsig_general.o(.text) for __default_signal_display
    defsig_other.o(.text) refers to defsig_general.o(.text) for __default_signal_display


==============================================================================

Removing Unused input sections from the image.

    Removing core_cm3.o(.emb_text), (32 bytes).
    Removing sys.o(.text), (12 bytes).
    Removing usart2.o(.constdata), (4 bytes).

3 unused section(s) (total 48 bytes) removed from the image.

==============================================================================

Image Symbol Table

    Local Symbols

    Symbol Name                              Value     Ov Type        Size  Object(Section)

    ../clib/angel/boardlib.s                 0x00000000   Number         0  boardinit1.o ABSOLUTE
    ../clib/angel/boardlib.s                 0x00000000   Number         0  boardinit2.o ABSOLUTE
    ../clib/angel/boardlib.s                 0x00000000   Number         0  boardinit3.o ABSOLUTE
    ../clib/angel/boardlib.s                 0x00000000   Number         0  boardshut.o ABSOLUTE
    ../clib/angel/dczerorl2.s                0x00000000   Number         0  __dczerorl2.o ABSOLUTE
    ../clib/angel/handlers.s                 0x00000000   Number         0  __scatter_zi.o ABSOLUTE
    ../clib/angel/kernel.s                   0x00000000   Number         0  __rtentry4.o ABSOLUTE
    ../clib/angel/kernel.s                   0x00000000   Number         0  rtexit.o ABSOLUTE
    ../clib/angel/kernel.s                   0x00000000   Number         0  rtexit2.o ABSOLUTE
    ../clib/angel/kernel.s                   0x00000000   Number         0  __rtentry.o ABSOLUTE
    ../clib/angel/kernel.s                   0x00000000   Number         0  __rtentry2.o ABSOLUTE
    ../clib/angel/rt.s                       0x00000000   Number         0  rt_raise.o ABSOLUTE
    ../clib/angel/scatter.s                  0x00000000   Number         0  __scatter.o ABSOLUTE
    ../clib/angel/startup.s                  0x00000000   Number         0  __main.o ABSOLUTE
    ../clib/angel/sys.s                      0x00000000   Number         0  use_no_semi.o ABSOLUTE
    ../clib/angel/sys.s                      0x00000000   Number         0  sys_stackheap_outer.o ABSOLUTE
    ../clib/angel/sys.s                      0x00000000   Number         0  indicate_semi.o ABSOLUTE
    ../clib/angel/sys.s                      0x00000000   Number         0  libspace.o ABSOLUTE
    ../clib/angel/sysapp.c                   0x00000000   Number         0  sys_wrch.o ABSOLUTE
    ../clib/angel/sysapp.c                   0x00000000   Number         0  sys_exit.o ABSOLUTE
    ../clib/angel/sysapp.c                   0x00000000   Number         0  sys_command.o ABSOLUTE
    ../clib/armsys.c                         0x00000000   Number         0  argv_veneer.o ABSOLUTE
    ../clib/armsys.c                         0x00000000   Number         0  argv_veneer.o ABSOLUTE
    ../clib/armsys.c                         0x00000000   Number         0  _get_argv_nomalloc.o ABSOLUTE
    ../clib/armsys.c                         0x00000000   Number         0  no_argv.o ABSOLUTE
    ../clib/heapalloc.c                      0x00000000   Number         0  hrguard.o ABSOLUTE
    ../clib/heapaux.c                        0x00000000   Number         0  heapauxi.o ABSOLUTE
    ../clib/libinit.s                        0x00000000   Number         0  libinit2.o ABSOLUTE
    ../clib/libinit.s                        0x00000000   Number         0  libinit.o ABSOLUTE
    ../clib/libinit.s                        0x00000000   Number         0  libshutdown2.o ABSOLUTE
    ../clib/libinit.s                        0x00000000   Number         0  libshutdown.o ABSOLUTE
    ../clib/memcpset.s                       0x00000000   Number         0  rt_memcpy_w.o ABSOLUTE
    ../clib/memcpset.s                       0x00000000   Number         0  rt_memcpy_v6.o ABSOLUTE
    ../clib/signal.c                         0x00000000   Number         0  defsig_stak_inner.o ABSOLUTE
    ../clib/signal.c                         0x00000000   Number         0  defsig_rtred_inner.o ABSOLUTE
    ../clib/signal.c                         0x00000000   Number         0  defsig_fpe_inner.o ABSOLUTE
    ../clib/signal.c                         0x00000000   Number         0  defsig_abrt_inner.o ABSOLUTE
    ../clib/signal.c                         0x00000000   Number         0  defsig_general.o ABSOLUTE
    ../clib/signal.c                         0x00000000   Number         0  defsig_rtmem_inner.o ABSOLUTE
    ../clib/signal.c                         0x00000000   Number         0  defsig_exit.o ABSOLUTE
    ../clib/signal.c                         0x00000000   Number         0  defsig_rtmem_outer.o ABSOLUTE
    ../clib/signal.c                         0x00000000   Number         0  defsig_rtmem_formal.o ABSOLUTE
    ../clib/signal.c                         0x00000000   Number         0  defsig_other.o ABSOLUTE
    ../clib/signal.c                         0x00000000   Number         0  defsig_segv_inner.o ABSOLUTE
    ../clib/signal.c                         0x00000000   Number         0  defsig_cppl_inner.o ABSOLUTE
    ../clib/signal.c                         0x00000000   Number         0  defsig_pvfn_inner.o ABSOLUTE
    ../clib/signal.c                         0x00000000   Number         0  __raise.o ABSOLUTE
    ../clib/signal.s                         0x00000000   Number         0  defsig.o ABSOLUTE
    ../clib/stdlib.c                         0x00000000   Number         0  exit.o ABSOLUTE
    ../fplib/faddsub.s                       0x00000000   Number         0  faddsub_clz.o ABSOLUTE
    ../fplib/fcmpi.s                         0x00000000   Number         0  fcmpi.o ABSOLUTE
    ../fplib/fdiv.s                          0x00000000   Number         0  fdiv.o ABSOLUTE
    ../fplib/ffix.s                          0x00000000   Number         0  ffix.o ABSOLUTE
    ../fplib/ffixu.s                         0x00000000   Number         0  ffixu.o ABSOLUTE
    ../fplib/fflt.s                          0x00000000   Number         0  fflt_clz.o ABSOLUTE
    ../fplib/fleqf.s                         0x00000000   Number         0  fleqf.o ABSOLUTE
    ../fplib/fmul.s                          0x00000000   Number         0  fmul.o ABSOLUTE
    ../fplib/fnaninf.s                       0x00000000   Number         0  fnaninf.o ABSOLUTE
    ../fplib/fpinit.s                        0x00000000   Number         0  fpinit.o ABSOLUTE
    ../fplib/fretinf.s                       0x00000000   Number         0  fretinf.o ABSOLUTE
    ../fplib/frleqf.s                        0x00000000   Number         0  frleqf.o ABSOLUTE
    ../fplib/usenofp.s                       0x00000000   Number         0  usenofp.o ABSOLUTE
    ..\APP\APP.c                             0x00000000   Number         0  app.o ABSOLUTE
    ..\APP\pid.c                             0x00000000   Number         0  pid.o ABSOLUTE
    ..\BSP\BSP.c                             0x00000000   Number         0  bsp.o ABSOLUTE
    ..\BSP\TIM_CAP\capture.c                 0x00000000   Number         0  capture.o ABSOLUTE
    ..\BSP\TIM_CAP\capture2.c                0x00000000   Number         0  capture2.o ABSOLUTE
    ..\BSP\led\led.c                         0x00000000   Number         0  led.o ABSOLUTE
    ..\BSP\moto_driver\driver.c              0x00000000   Number         0  driver.o ABSOLUTE
    ..\BSP\pwm\pwm.c                         0x00000000   Number         0  pwm.o ABSOLUTE
    ..\BSP\timer\timer.c                     0x00000000   Number         0  timer.o ABSOLUTE
    ..\BSP\usart\usart1.c                    0x00000000   Number         0  usart1.o ABSOLUTE
    ..\BSP\usart\usart2.c                    0x00000000   Number         0  usart2.o ABSOLUTE
    ..\CORE\core_cm3.c                       0x00000000   Number         0  core_cm3.o ABSOLUTE
    ..\CORE\startup_stm32f10x_md.s           0x00000000   Number         0  startup_stm32f10x_md.o ABSOLUTE
    ..\CORE\stm32f10x_it.c                   0x00000000   Number         0  stm32f10x_it.o ABSOLUTE
    ..\CORE\system_stm32f10x.c               0x00000000   Number         0  system_stm32f10x.o ABSOLUTE
    ..\STM32F10x_FWLib\src\misc.c            0x00000000   Number         0  misc.o ABSOLUTE
    ..\STM32F10x_FWLib\src\stm32f10x_dma.c   0x00000000   Number         0  stm32f10x_dma.o ABSOLUTE
    ..\STM32F10x_FWLib\src\stm32f10x_gpio.c  0x00000000   Number         0  stm32f10x_gpio.o ABSOLUTE
    ..\STM32F10x_FWLib\src\stm32f10x_rcc.c   0x00000000   Number         0  stm32f10x_rcc.o ABSOLUTE
    ..\STM32F10x_FWLib\src\stm32f10x_tim.c   0x00000000   Number         0  stm32f10x_tim.o ABSOLUTE
    ..\STM32F10x_FWLib\src\stm32f10x_usart.c 0x00000000   Number         0  stm32f10x_usart.o ABSOLUTE
    ..\SYSTEM\delay\delay.c                  0x00000000   Number         0  delay.o ABSOLUTE
    ..\SYSTEM\sys\sys.c                      0x00000000   Number         0  sys.o ABSOLUTE
    ..\\CORE\\core_cm3.c                     0x00000000   Number         0  core_cm3.o ABSOLUTE
    dc.s                                     0x00000000   Number         0  dc.o ABSOLUTE
    main.c                                   0x00000000   Number         0  main.o ABSOLUTE
    RESET                                    0x08000000   Section      236  startup_stm32f10x_md.o(RESET)
    !!!main                                  0x080000ec   Section        8  __main.o(!!!main)
    !!!scatter                               0x080000f4   Section       52  __scatter.o(!!!scatter)
    !!dczerorl2                              0x08000128   Section       90  __dczerorl2.o(!!dczerorl2)
    !!handler_zi                             0x08000184   Section       28  __scatter_zi.o(!!handler_zi)
    .ARM.Collect$$libinit$$00000000          0x080001a0   Section        2  libinit.o(.ARM.Collect$$libinit$$00000000)
    .ARM.Collect$$libinit$$00000002          0x080001a2   Section        0  libinit2.o(.ARM.Collect$$libinit$$00000002)
    .ARM.Collect$$libinit$$00000004          0x080001a2   Section        0  libinit2.o(.ARM.Collect$$libinit$$00000004)
    .ARM.Collect$$libinit$$0000000A          0x080001a2   Section        0  libinit2.o(.ARM.Collect$$libinit$$0000000A)
    .ARM.Collect$$libinit$$0000000C          0x080001a2   Section        0  libinit2.o(.ARM.Collect$$libinit$$0000000C)
    .ARM.Collect$$libinit$$0000000E          0x080001a2   Section        0  libinit2.o(.ARM.Collect$$libinit$$0000000E)
    .ARM.Collect$$libinit$$00000011          0x080001a2   Section        0  libinit2.o(.ARM.Collect$$libinit$$00000011)
    .ARM.Collect$$libinit$$00000013          0x080001a2   Section        0  libinit2.o(.ARM.Collect$$libinit$$00000013)
    .ARM.Collect$$libinit$$00000015          0x080001a2   Section        0  libinit2.o(.ARM.Collect$$libinit$$00000015)
    .ARM.Collect$$libinit$$00000017          0x080001a2   Section        0  libinit2.o(.ARM.Collect$$libinit$$00000017)
    .ARM.Collect$$libinit$$00000019          0x080001a2   Section        0  libinit2.o(.ARM.Collect$$libinit$$00000019)
    .ARM.Collect$$libinit$$0000001B          0x080001a2   Section        0  libinit2.o(.ARM.Collect$$libinit$$0000001B)
    .ARM.Collect$$libinit$$0000001D          0x080001a2   Section        0  libinit2.o(.ARM.Collect$$libinit$$0000001D)
    .ARM.Collect$$libinit$$0000001F          0x080001a2   Section        0  libinit2.o(.ARM.Collect$$libinit$$0000001F)
    .ARM.Collect$$libinit$$00000021          0x080001a2   Section        0  libinit2.o(.ARM.Collect$$libinit$$00000021)
    .ARM.Collect$$libinit$$00000023          0x080001a2   Section        0  libinit2.o(.ARM.Collect$$libinit$$00000023)
    .ARM.Collect$$libinit$$00000025          0x080001a2   Section        0  libinit2.o(.ARM.Collect$$libinit$$00000025)
    .ARM.Collect$$libinit$$0000002C          0x080001a2   Section        0  libinit2.o(.ARM.Collect$$libinit$$0000002C)
    .ARM.Collect$$libinit$$0000002E          0x080001a2   Section        0  libinit2.o(.ARM.Collect$$libinit$$0000002E)
    .ARM.Collect$$libinit$$00000030          0x080001a2   Section        0  libinit2.o(.ARM.Collect$$libinit$$00000030)
    .ARM.Collect$$libinit$$00000032          0x080001a2   Section        0  libinit2.o(.ARM.Collect$$libinit$$00000032)
    .ARM.Collect$$libinit$$00000033          0x080001a2   Section        2  libinit2.o(.ARM.Collect$$libinit$$00000033)
    .ARM.Collect$$libshutdown$$00000000      0x080001a4   Section        2  libshutdown.o(.ARM.Collect$$libshutdown$$00000000)
    .ARM.Collect$$libshutdown$$00000003      0x080001a6   Section        0  libshutdown2.o(.ARM.Collect$$libshutdown$$00000003)
    .ARM.Collect$$libshutdown$$00000006      0x080001a6   Section        0  libshutdown2.o(.ARM.Collect$$libshutdown$$00000006)
    .ARM.Collect$$libshutdown$$00000009      0x080001a6   Section        0  libshutdown2.o(.ARM.Collect$$libshutdown$$00000009)
    .ARM.Collect$$libshutdown$$0000000B      0x080001a6   Section        0  libshutdown2.o(.ARM.Collect$$libshutdown$$0000000B)
    .ARM.Collect$$libshutdown$$0000000E      0x080001a6   Section        0  libshutdown2.o(.ARM.Collect$$libshutdown$$0000000E)
    .ARM.Collect$$libshutdown$$0000000F      0x080001a6   Section        2  libshutdown2.o(.ARM.Collect$$libshutdown$$0000000F)
    .ARM.Collect$$rtentry$$00000000          0x080001a8   Section        0  __rtentry.o(.ARM.Collect$$rtentry$$00000000)
    .ARM.Collect$$rtentry$$00000002          0x080001a8   Section        0  __rtentry2.o(.ARM.Collect$$rtentry$$00000002)
    .ARM.Collect$$rtentry$$00000004          0x080001a8   Section        6  __rtentry4.o(.ARM.Collect$$rtentry$$00000004)
    .ARM.Collect$$rtentry$$00000009          0x080001ae   Section        0  __rtentry2.o(.ARM.Collect$$rtentry$$00000009)
    .ARM.Collect$$rtentry$$0000000A          0x080001ae   Section        4  __rtentry2.o(.ARM.Collect$$rtentry$$0000000A)
    .ARM.Collect$$rtentry$$0000000C          0x080001b2   Section        0  __rtentry2.o(.ARM.Collect$$rtentry$$0000000C)
    .ARM.Collect$$rtentry$$0000000D          0x080001b2   Section        8  __rtentry2.o(.ARM.Collect$$rtentry$$0000000D)
    .ARM.Collect$$rtexit$$00000000           0x080001ba   Section        2  rtexit.o(.ARM.Collect$$rtexit$$00000000)
    .ARM.Collect$$rtexit$$00000002           0x080001bc   Section        0  rtexit2.o(.ARM.Collect$$rtexit$$00000002)
    .ARM.Collect$$rtexit$$00000003           0x080001bc   Section        4  rtexit2.o(.ARM.Collect$$rtexit$$00000003)
    .ARM.Collect$$rtexit$$00000004           0x080001c0   Section        6  rtexit2.o(.ARM.Collect$$rtexit$$00000004)
    .text                                    0x080001c8   Section       64  startup_stm32f10x_md.o(.text)
    .text                                    0x08000208   Section        0  stm32f10x_it.o(.text)
    .text                                    0x08000224   Section        0  system_stm32f10x.o(.text)
    SetSysClockTo72                          0x08000225   Thumb Code   214  system_stm32f10x.o(.text)
    SetSysClock                              0x080002fb   Thumb Code     8  system_stm32f10x.o(.text)
    .text                                    0x08000404   Section        0  delay.o(.text)
    .text                                    0x080004d8   Section        0  misc.o(.text)
    .text                                    0x080005b4   Section        0  stm32f10x_gpio.o(.text)
    .text                                    0x08000910   Section        0  stm32f10x_rcc.o(.text)
    .text                                    0x08000cb4   Section        0  stm32f10x_tim.o(.text)
    TI4_Config                               0x0800115b   Thumb Code   130  stm32f10x_tim.o(.text)
    TI3_Config                               0x080011ef   Thumb Code   122  stm32f10x_tim.o(.text)
    TI2_Config                               0x08001283   Thumb Code   130  stm32f10x_tim.o(.text)
    TI1_Config                               0x08001317   Thumb Code   108  stm32f10x_tim.o(.text)
    .text                                    0x08001ad0   Section        0  stm32f10x_usart.o(.text)
    .text                                    0x08001ed8   Section        0  stm32f10x_dma.o(.text)
    .text                                    0x0800212c   Section        0  bsp.o(.text)
    .text                                    0x08002180   Section        0  pwm.o(.text)
    .text                                    0x080023c4   Section        0  capture.o(.text)
    .text                                    0x080027a0   Section        0  capture2.o(.text)
    .text                                    0x08002b7c   Section        0  timer.o(.text)
    .text                                    0x08002c04   Section        0  usart1.o(.text)
    Syn_Wheel_Speed                          0x08002ced   Thumb Code    22  usart1.o(.text)
    Limit_A_Filter                           0x08002d03   Thumb Code    66  usart1.o(.text)
    packet_dec                               0x08002d45   Thumb Code   232  usart1.o(.text)
    .text                                    0x08002f04   Section        0  usart2.o(.text)
    packet_dec                               0x08002fe9   Thumb Code   160  usart2.o(.text)
    Limit_A_Filter                           0x08003131   Thumb Code    66  usart2.o(.text)
    aver_filter                              0x08003173   Thumb Code   190  usart2.o(.text)
    .text                                    0x08003264   Section        0  driver.o(.text)
    .text                                    0x080034ac   Section        0  pid.o(.text)
    .text                                    0x08003658   Section        0  app.o(.text)
    .text                                    0x0800380c   Section        0  main.o(.text)
    .text                                    0x08003814   Section      138  rt_memcpy_v6.o(.text)
    .text                                    0x0800389e   Section        0  heapauxi.o(.text)
    .text                                    0x080038a4   Section      100  rt_memcpy_w.o(.text)
    .text                                    0x08003908   Section       74  sys_stackheap_outer.o(.text)
    .text                                    0x08003952   Section        0  exit.o(.text)
    .text                                    0x08003960   Section        8  libspace.o(.text)
    .text                                    0x08003968   Section        0  sys_exit.o(.text)
    .text                                    0x08003974   Section        2  use_no_semi.o(.text)
    .text                                    0x08003976   Section        0  indicate_semi.o(.text)
    x$fpl$fadd                               0x08003978   Section      196  faddsub_clz.o(x$fpl$fadd)
    _fadd1                                   0x08003987   Thumb Code     0  faddsub_clz.o(x$fpl$fadd)
    x$fpl$fcmpinf                            0x08003a3c   Section       24  fcmpi.o(x$fpl$fcmpinf)
    x$fpl$fdiv                               0x08003a54   Section      388  fdiv.o(x$fpl$fdiv)
    _fdiv1                                   0x08003a55   Thumb Code     0  fdiv.o(x$fpl$fdiv)
    x$fpl$ffix                               0x08003bd8   Section       54  ffix.o(x$fpl$ffix)
    x$fpl$ffixu                              0x08003c10   Section       62  ffixu.o(x$fpl$ffixu)
    x$fpl$fflt                               0x08003c50   Section       48  fflt_clz.o(x$fpl$fflt)
    x$fpl$ffltu                              0x08003c80   Section       38  fflt_clz.o(x$fpl$ffltu)
    x$fpl$fleqf                              0x08003ca8   Section      104  fleqf.o(x$fpl$fleqf)
    x$fpl$fmul                               0x08003d10   Section      258  fmul.o(x$fpl$fmul)
    x$fpl$fnaninf                            0x08003e12   Section      140  fnaninf.o(x$fpl$fnaninf)
    x$fpl$fretinf                            0x08003e9e   Section       10  fretinf.o(x$fpl$fretinf)
    x$fpl$frleqf                             0x08003ea8   Section       98  frleqf.o(x$fpl$frleqf)
    x$fpl$fsub                               0x08003f0c   Section      234  faddsub_clz.o(x$fpl$fsub)
    _fsub1                                   0x08003f1b   Thumb Code     0  faddsub_clz.o(x$fpl$fsub)
    x$fpl$usenofp                            0x08003ff6   Section        0  usenofp.o(x$fpl$usenofp)
    .data                                    0x20000000   Section       20  system_stm32f10x.o(.data)
    .data                                    0x20000014   Section        4  delay.o(.data)
    fac_us                                   0x20000014   Data           1  delay.o(.data)
    fac_ms                                   0x20000016   Data           2  delay.o(.data)
    .data                                    0x20000018   Section       20  stm32f10x_rcc.o(.data)
    APBAHBPrescTable                         0x20000018   Data          16  stm32f10x_rcc.o(.data)
    ADCPrescTable                            0x20000028   Data           4  stm32f10x_rcc.o(.data)
    .data                                    0x2000002c   Section        4  timer.o(.data)
    .data                                    0x20000030   Section       28  usart1.o(.data)
    data_last                                0x20000048   Data           2  usart1.o(.data)
    data_now                                 0x2000004a   Data           2  usart1.o(.data)
    .data                                    0x2000004c   Section      308  usart2.o(.data)
    buffer_UART2                             0x2000004c   Data           5  usart2.o(.data)
    buf2_xxx                                 0x20000056   Data           5  usart2.o(.data)
    data_last                                0x2000017c   Data           2  usart2.o(.data)
    data_now                                 0x2000017e   Data           2  usart2.o(.data)
    .data                                    0x20000180   Section      216  pid.o(.data)
    .data                                    0x20000258   Section       22  app.o(.data)
    n2                                       0x2000026c   Data           2  app.o(.data)
    .bss                                     0x20000270   Section       40  capture.o(.bss)
    .bss                                     0x20000298   Section       40  capture2.o(.bss)
    .bss                                     0x200002c0   Section       39  usart1.o(.bss)
    buffer_UART1                             0x200002c0   Data          13  usart1.o(.bss)
    buf3_xxx                                 0x200002cd   Data          13  usart1.o(.bss)
    buf2_xxx                                 0x200002da   Data          13  usart1.o(.bss)
    .bss                                     0x200002e8   Section       28  usart2.o(.bss)
    .bss                                     0x20000304   Section       96  libspace.o(.bss)
    HEAP                                     0x20000368   Section      512  startup_stm32f10x_md.o(HEAP)
    Heap_Mem                                 0x20000368   Data         512  startup_stm32f10x_md.o(HEAP)
    STACK                                    0x20000568   Section     1024  startup_stm32f10x_md.o(STACK)
    Stack_Mem                                0x20000568   Data        1024  startup_stm32f10x_md.o(STACK)
    __initial_sp                             0x20000968   Data           0  startup_stm32f10x_md.o(STACK)

    Global Symbols

    Symbol Name                              Value     Ov Type        Size  Object(Section)

    BuildAttributes$$THM_ISAv4$P$D$K$B$S$PE$A:L22UL41UL21$X:L11$S22US41US21$IEEE1$IW$USESV6$~STKCKD$USESV7$~SHL$OSPACE$ROPI$EBA8$UX$STANDARDLIB$REQ8$PRES8$EABIv2 0x00000000   Number         0  anon$$obj.o ABSOLUTE
    __ARM_use_no_argv                        0x00000000   Number         0  main.o ABSOLUTE
    __ARM_exceptions_init                     - Undefined Weak Reference
    __alloca_initialize                       - Undefined Weak Reference
    __arm_preinit_                            - Undefined Weak Reference
    __cpp_initialize__aeabi_                  - Undefined Weak Reference
    __cxa_finalize                            - Undefined Weak Reference
    __rt_locale                               - Undefined Weak Reference
    __sigvec_lookup                           - Undefined Weak Reference
    _atexit_init                              - Undefined Weak Reference
    _call_atexit_fns                          - Undefined Weak Reference
    _clock_init                               - Undefined Weak Reference
    _fp_trap_init                             - Undefined Weak Reference
    _fp_trap_shutdown                         - Undefined Weak Reference
    _get_lc_collate                           - Undefined Weak Reference
    _get_lc_ctype                             - Undefined Weak Reference
    _get_lc_monetary                          - Undefined Weak Reference
    _get_lc_numeric                           - Undefined Weak Reference
    _get_lc_time                              - Undefined Weak Reference
    _getenv_init                              - Undefined Weak Reference
    _handle_redirection                       - Undefined Weak Reference
    _init_alloc                               - Undefined Weak Reference
    _init_user_alloc                          - Undefined Weak Reference
    _initio                                   - Undefined Weak Reference
    _rand_init                                - Undefined Weak Reference
    _signal_finish                            - Undefined Weak Reference
    _signal_init                              - Undefined Weak Reference
    _terminate_alloc                          - Undefined Weak Reference
    _terminate_user_alloc                     - Undefined Weak Reference
    _terminateio                              - Undefined Weak Reference
    __Vectors_Size                           0x000000ec   Number         0  startup_stm32f10x_md.o ABSOLUTE
    __Vectors                                0x08000000   Data           4  startup_stm32f10x_md.o(RESET)
    __Vectors_End                            0x080000ec   Data           0  startup_stm32f10x_md.o(RESET)
    __main                                   0x080000ed   Thumb Code     8  __main.o(!!!main)
    __scatterload                            0x080000f5   Thumb Code     0  __scatter.o(!!!scatter)
    __scatterload_rt2                        0x080000f5   Thumb Code    44  __scatter.o(!!!scatter)
    __scatterload_rt2_thumb_only             0x080000f5   Thumb Code     0  __scatter.o(!!!scatter)
    __scatterload_null                       0x08000103   Thumb Code     0  __scatter.o(!!!scatter)
    __decompress                             0x08000129   Thumb Code    90  __dczerorl2.o(!!dczerorl2)
    __decompress1                            0x08000129   Thumb Code     0  __dczerorl2.o(!!dczerorl2)
    __scatterload_zeroinit                   0x08000185   Thumb Code    28  __scatter_zi.o(!!handler_zi)
    __rt_lib_init                            0x080001a1   Thumb Code     0  libinit.o(.ARM.Collect$$libinit$$00000000)
    __rt_lib_init_alloca_1                   0x080001a3   Thumb Code     0  libinit2.o(.ARM.Collect$$libinit$$0000002E)
    __rt_lib_init_argv_1                     0x080001a3   Thumb Code     0  libinit2.o(.ARM.Collect$$libinit$$0000002C)
    __rt_lib_init_atexit_1                   0x080001a3   Thumb Code     0  libinit2.o(.ARM.Collect$$libinit$$0000001B)
    __rt_lib_init_clock_1                    0x080001a3   Thumb Code     0  libinit2.o(.ARM.Collect$$libinit$$00000021)
    __rt_lib_init_cpp_1                      0x080001a3   Thumb Code     0  libinit2.o(.ARM.Collect$$libinit$$00000032)
    __rt_lib_init_exceptions_1               0x080001a3   Thumb Code     0  libinit2.o(.ARM.Collect$$libinit$$00000030)
    __rt_lib_init_fp_1                       0x080001a3   Thumb Code     0  libinit2.o(.ARM.Collect$$libinit$$00000002)
    __rt_lib_init_fp_trap_1                  0x080001a3   Thumb Code     0  libinit2.o(.ARM.Collect$$libinit$$0000001F)
    __rt_lib_init_getenv_1                   0x080001a3   Thumb Code     0  libinit2.o(.ARM.Collect$$libinit$$00000023)
    __rt_lib_init_heap_1                     0x080001a3   Thumb Code     0  libinit2.o(.ARM.Collect$$libinit$$0000000A)
    __rt_lib_init_lc_collate_1               0x080001a3   Thumb Code     0  libinit2.o(.ARM.Collect$$libinit$$00000011)
    __rt_lib_init_lc_ctype_1                 0x080001a3   Thumb Code     0  libinit2.o(.ARM.Collect$$libinit$$00000013)
    __rt_lib_init_lc_monetary_1              0x080001a3   Thumb Code     0  libinit2.o(.ARM.Collect$$libinit$$00000015)
    __rt_lib_init_lc_numeric_1               0x080001a3   Thumb Code     0  libinit2.o(.ARM.Collect$$libinit$$00000017)
    __rt_lib_init_lc_time_1                  0x080001a3   Thumb Code     0  libinit2.o(.ARM.Collect$$libinit$$00000019)
    __rt_lib_init_preinit_1                  0x080001a3   Thumb Code     0  libinit2.o(.ARM.Collect$$libinit$$00000004)
    __rt_lib_init_rand_1                     0x080001a3   Thumb Code     0  libinit2.o(.ARM.Collect$$libinit$$0000000E)
    __rt_lib_init_return                     0x080001a3   Thumb Code     0  libinit2.o(.ARM.Collect$$libinit$$00000033)
    __rt_lib_init_signal_1                   0x080001a3   Thumb Code     0  libinit2.o(.ARM.Collect$$libinit$$0000001D)
    __rt_lib_init_stdio_1                    0x080001a3   Thumb Code     0  libinit2.o(.ARM.Collect$$libinit$$00000025)
    __rt_lib_init_user_alloc_1               0x080001a3   Thumb Code     0  libinit2.o(.ARM.Collect$$libinit$$0000000C)
    __rt_lib_shutdown                        0x080001a5   Thumb Code     0  libshutdown.o(.ARM.Collect$$libshutdown$$00000000)
    __rt_lib_shutdown_fp_trap_1              0x080001a7   Thumb Code     0  libshutdown2.o(.ARM.Collect$$libshutdown$$00000006)
    __rt_lib_shutdown_heap_1                 0x080001a7   Thumb Code     0  libshutdown2.o(.ARM.Collect$$libshutdown$$0000000E)
    __rt_lib_shutdown_return                 0x080001a7   Thumb Code     0  libshutdown2.o(.ARM.Collect$$libshutdown$$0000000F)
    __rt_lib_shutdown_signal_1               0x080001a7   Thumb Code     0  libshutdown2.o(.ARM.Collect$$libshutdown$$00000009)
    __rt_lib_shutdown_stdio_1                0x080001a7   Thumb Code     0  libshutdown2.o(.ARM.Collect$$libshutdown$$00000003)
    __rt_lib_shutdown_user_alloc_1           0x080001a7   Thumb Code     0  libshutdown2.o(.ARM.Collect$$libshutdown$$0000000B)
    __rt_entry                               0x080001a9   Thumb Code     0  __rtentry.o(.ARM.Collect$$rtentry$$00000000)
    __rt_entry_presh_1                       0x080001a9   Thumb Code     0  __rtentry2.o(.ARM.Collect$$rtentry$$00000002)
    __rt_entry_sh                            0x080001a9   Thumb Code     0  __rtentry4.o(.ARM.Collect$$rtentry$$00000004)
    __rt_entry_li                            0x080001af   Thumb Code     0  __rtentry2.o(.ARM.Collect$$rtentry$$0000000A)
    __rt_entry_postsh_1                      0x080001af   Thumb Code     0  __rtentry2.o(.ARM.Collect$$rtentry$$00000009)
    __rt_entry_main                          0x080001b3   Thumb Code     0  __rtentry2.o(.ARM.Collect$$rtentry$$0000000D)
    __rt_entry_postli_1                      0x080001b3   Thumb Code     0  __rtentry2.o(.ARM.Collect$$rtentry$$0000000C)
    __rt_exit                                0x080001bb   Thumb Code     0  rtexit.o(.ARM.Collect$$rtexit$$00000000)
    __rt_exit_ls                             0x080001bd   Thumb Code     0  rtexit2.o(.ARM.Collect$$rtexit$$00000003)
    __rt_exit_prels_1                        0x080001bd   Thumb Code     0  rtexit2.o(.ARM.Collect$$rtexit$$00000002)
    __rt_exit_exit                           0x080001c1   Thumb Code     0  rtexit2.o(.ARM.Collect$$rtexit$$00000004)
    Reset_Handler                            0x080001c9   Thumb Code     8  startup_stm32f10x_md.o(.text)
    ADC1_2_IRQHandler                        0x080001e3   Thumb Code     0  startup_stm32f10x_md.o(.text)
    CAN1_RX1_IRQHandler                      0x080001e3   Thumb Code     0  startup_stm32f10x_md.o(.text)
    CAN1_SCE_IRQHandler                      0x080001e3   Thumb Code     0  startup_stm32f10x_md.o(.text)
    DMA1_Channel1_IRQHandler                 0x080001e3   Thumb Code     0  startup_stm32f10x_md.o(.text)
    DMA1_Channel2_IRQHandler                 0x080001e3   Thumb Code     0  startup_stm32f10x_md.o(.text)
    DMA1_Channel3_IRQHandler                 0x080001e3   Thumb Code     0  startup_stm32f10x_md.o(.text)
    DMA1_Channel4_IRQHandler                 0x080001e3   Thumb Code     0  startup_stm32f10x_md.o(.text)
    DMA1_Channel7_IRQHandler                 0x080001e3   Thumb Code     0  startup_stm32f10x_md.o(.text)
    EXTI0_IRQHandler                         0x080001e3   Thumb Code     0  startup_stm32f10x_md.o(.text)
    EXTI15_10_IRQHandler                     0x080001e3   Thumb Code     0  startup_stm32f10x_md.o(.text)
    EXTI1_IRQHandler                         0x080001e3   Thumb Code     0  startup_stm32f10x_md.o(.text)
    EXTI2_IRQHandler                         0x080001e3   Thumb Code     0  startup_stm32f10x_md.o(.text)
    EXTI3_IRQHandler                         0x080001e3   Thumb Code     0  startup_stm32f10x_md.o(.text)
    EXTI4_IRQHandler                         0x080001e3   Thumb Code     0  startup_stm32f10x_md.o(.text)
    EXTI9_5_IRQHandler                       0x080001e3   Thumb Code     0  startup_stm32f10x_md.o(.text)
    FLASH_IRQHandler                         0x080001e3   Thumb Code     0  startup_stm32f10x_md.o(.text)
    I2C1_ER_IRQHandler                       0x080001e3   Thumb Code     0  startup_stm32f10x_md.o(.text)
    I2C1_EV_IRQHandler                       0x080001e3   Thumb Code     0  startup_stm32f10x_md.o(.text)
    I2C2_ER_IRQHandler                       0x080001e3   Thumb Code     0  startup_stm32f10x_md.o(.text)
    I2C2_EV_IRQHandler                       0x080001e3   Thumb Code     0  startup_stm32f10x_md.o(.text)
    PVD_IRQHandler                           0x080001e3   Thumb Code     0  startup_stm32f10x_md.o(.text)
    RCC_IRQHandler                           0x080001e3   Thumb Code     0  startup_stm32f10x_md.o(.text)
    RTCAlarm_IRQHandler                      0x080001e3   Thumb Code     0  startup_stm32f10x_md.o(.text)
    RTC_IRQHandler                           0x080001e3   Thumb Code     0  startup_stm32f10x_md.o(.text)
    SPI1_IRQHandler                          0x080001e3   Thumb Code     0  startup_stm32f10x_md.o(.text)
    SPI2_IRQHandler                          0x080001e3   Thumb Code     0  startup_stm32f10x_md.o(.text)
    TAMPER_IRQHandler                        0x080001e3   Thumb Code     0  startup_stm32f10x_md.o(.text)
    TIM1_BRK_IRQHandler                      0x080001e3   Thumb Code     0  startup_stm32f10x_md.o(.text)
    TIM1_CC_IRQHandler                       0x080001e3   Thumb Code     0  startup_stm32f10x_md.o(.text)
    TIM1_TRG_COM_IRQHandler                  0x080001e3   Thumb Code     0  startup_stm32f10x_md.o(.text)
    TIM1_UP_IRQHandler                       0x080001e3   Thumb Code     0  startup_stm32f10x_md.o(.text)
    USART1_IRQHandler                        0x080001e3   Thumb Code     0  startup_stm32f10x_md.o(.text)
    USART2_IRQHandler                        0x080001e3   Thumb Code     0  startup_stm32f10x_md.o(.text)
    USART3_IRQHandler                        0x080001e3   Thumb Code     0  startup_stm32f10x_md.o(.text)
    USBWakeUp_IRQHandler                     0x080001e3   Thumb Code     0  startup_stm32f10x_md.o(.text)
    USB_HP_CAN1_TX_IRQHandler                0x080001e3   Thumb Code     0  startup_stm32f10x_md.o(.text)
    USB_LP_CAN1_RX0_IRQHandler               0x080001e3   Thumb Code     0  startup_stm32f10x_md.o(.text)
    WWDG_IRQHandler                          0x080001e3   Thumb Code     0  startup_stm32f10x_md.o(.text)
    __user_initial_stackheap                 0x080001e5   Thumb Code     0  startup_stm32f10x_md.o(.text)
    NMI_Handler                              0x08000209   Thumb Code     2  stm32f10x_it.o(.text)
    HardFault_Handler                        0x0800020b   Thumb Code     4  stm32f10x_it.o(.text)
    MemManage_Handler                        0x0800020f   Thumb Code     4  stm32f10x_it.o(.text)
    BusFault_Handler                         0x08000213   Thumb Code     4  stm32f10x_it.o(.text)
    UsageFault_Handler                       0x08000217   Thumb Code     4  stm32f10x_it.o(.text)
    SVC_Handler                              0x0800021b   Thumb Code     2  stm32f10x_it.o(.text)
    DebugMon_Handler                         0x0800021d   Thumb Code     2  stm32f10x_it.o(.text)
    PendSV_Handler                           0x0800021f   Thumb Code     2  stm32f10x_it.o(.text)
    SysTick_Handler                          0x08000221   Thumb Code     2  stm32f10x_it.o(.text)
    SystemInit                               0x08000303   Thumb Code    78  system_stm32f10x.o(.text)
    SystemCoreClockUpdate                    0x08000351   Thumb Code   142  system_stm32f10x.o(.text)
    delay_init                               0x08000405   Thumb Code    50  delay.o(.text)
    delay_us                                 0x08000437   Thumb Code    72  delay.o(.text)
    delay_ms                                 0x0800047f   Thumb Code    72  delay.o(.text)
    NVIC_PriorityGroupConfig                 0x080004d9   Thumb Code    10  misc.o(.text)
    NVIC_Init                                0x080004e3   Thumb Code   100  misc.o(.text)
    NVIC_SetVectorTable                      0x08000547   Thumb Code    14  misc.o(.text)
    NVIC_SystemLPConfig                      0x08000555   Thumb Code    34  misc.o(.text)
    SysTick_CLKSourceConfig                  0x08000577   Thumb Code    40  misc.o(.text)
    GPIO_DeInit                              0x080005b5   Thumb Code   172  stm32f10x_gpio.o(.text)
    GPIO_AFIODeInit                          0x08000661   Thumb Code    20  stm32f10x_gpio.o(.text)
    GPIO_Init                                0x08000675   Thumb Code   278  stm32f10x_gpio.o(.text)
    GPIO_StructInit                          0x0800078b   Thumb Code    16  stm32f10x_gpio.o(.text)
    GPIO_ReadInputDataBit                    0x0800079b   Thumb Code    18  stm32f10x_gpio.o(.text)
    GPIO_ReadInputData                       0x080007ad   Thumb Code     8  stm32f10x_gpio.o(.text)
    GPIO_ReadOutputDataBit                   0x080007b5   Thumb Code    18  stm32f10x_gpio.o(.text)
    GPIO_ReadOutputData                      0x080007c7   Thumb Code     8  stm32f10x_gpio.o(.text)
    GPIO_SetBits                             0x080007cf   Thumb Code     4  stm32f10x_gpio.o(.text)
    GPIO_ResetBits                           0x080007d3   Thumb Code     4  stm32f10x_gpio.o(.text)
    GPIO_WriteBit                            0x080007d7   Thumb Code    10  stm32f10x_gpio.o(.text)
    GPIO_Write                               0x080007e1   Thumb Code     4  stm32f10x_gpio.o(.text)
    GPIO_PinLockConfig                       0x080007e5   Thumb Code    18  stm32f10x_gpio.o(.text)
    GPIO_EventOutputConfig                   0x080007f7   Thumb Code    26  stm32f10x_gpio.o(.text)
    GPIO_EventOutputCmd                      0x08000811   Thumb Code     6  stm32f10x_gpio.o(.text)
    GPIO_PinRemapConfig                      0x08000817   Thumb Code   138  stm32f10x_gpio.o(.text)
    GPIO_EXTILineConfig                      0x080008a1   Thumb Code    66  stm32f10x_gpio.o(.text)
    GPIO_ETH_MediaInterfaceConfig            0x080008e3   Thumb Code     8  stm32f10x_gpio.o(.text)
    RCC_DeInit                               0x08000911   Thumb Code    64  stm32f10x_rcc.o(.text)
    RCC_HSEConfig                            0x08000951   Thumb Code    70  stm32f10x_rcc.o(.text)
    RCC_GetFlagStatus                        0x08000997   Thumb Code    56  stm32f10x_rcc.o(.text)
    RCC_WaitForHSEStartUp                    0x080009cf   Thumb Code    56  stm32f10x_rcc.o(.text)
    RCC_AdjustHSICalibrationValue            0x08000a07   Thumb Code    20  stm32f10x_rcc.o(.text)
    RCC_HSICmd                               0x08000a1b   Thumb Code     6  stm32f10x_rcc.o(.text)
    RCC_PLLConfig                            0x08000a21   Thumb Code    24  stm32f10x_rcc.o(.text)
    RCC_PLLCmd                               0x08000a39   Thumb Code     6  stm32f10x_rcc.o(.text)
    RCC_SYSCLKConfig                         0x08000a3f   Thumb Code    18  stm32f10x_rcc.o(.text)
    RCC_GetSYSCLKSource                      0x08000a51   Thumb Code    10  stm32f10x_rcc.o(.text)
    RCC_HCLKConfig                           0x08000a5b   Thumb Code    18  stm32f10x_rcc.o(.text)
    RCC_PCLK1Config                          0x08000a6d   Thumb Code    18  stm32f10x_rcc.o(.text)
    RCC_PCLK2Config                          0x08000a7f   Thumb Code    20  stm32f10x_rcc.o(.text)
    RCC_ITConfig                             0x08000a93   Thumb Code    26  stm32f10x_rcc.o(.text)
    RCC_USBCLKConfig                         0x08000aad   Thumb Code     8  stm32f10x_rcc.o(.text)
    RCC_ADCCLKConfig                         0x08000ab5   Thumb Code    18  stm32f10x_rcc.o(.text)
    RCC_LSEConfig                            0x08000ac7   Thumb Code    50  stm32f10x_rcc.o(.text)
    RCC_LSICmd                               0x08000af9   Thumb Code     6  stm32f10x_rcc.o(.text)
    RCC_RTCCLKConfig                         0x08000aff   Thumb Code    12  stm32f10x_rcc.o(.text)
    RCC_RTCCLKCmd                            0x08000b0b   Thumb Code     8  stm32f10x_rcc.o(.text)
    RCC_GetClocksFreq                        0x08000b13   Thumb Code   192  stm32f10x_rcc.o(.text)
    RCC_AHBPeriphClockCmd                    0x08000bd3   Thumb Code    26  stm32f10x_rcc.o(.text)
    RCC_APB2PeriphClockCmd                   0x08000bed   Thumb Code    26  stm32f10x_rcc.o(.text)
    RCC_APB1PeriphClockCmd                   0x08000c07   Thumb Code    26  stm32f10x_rcc.o(.text)
    RCC_APB2PeriphResetCmd                   0x08000c21   Thumb Code    26  stm32f10x_rcc.o(.text)
    RCC_APB1PeriphResetCmd                   0x08000c3b   Thumb Code    26  stm32f10x_rcc.o(.text)
    RCC_BackupResetCmd                       0x08000c55   Thumb Code     8  stm32f10x_rcc.o(.text)
    RCC_ClockSecuritySystemCmd               0x08000c5d   Thumb Code     6  stm32f10x_rcc.o(.text)
    RCC_MCOConfig                            0x08000c63   Thumb Code     6  stm32f10x_rcc.o(.text)
    RCC_ClearFlag                            0x08000c69   Thumb Code    14  stm32f10x_rcc.o(.text)
    RCC_GetITStatus                          0x08000c77   Thumb Code    20  stm32f10x_rcc.o(.text)
    RCC_ClearITPendingBit                    0x08000c8b   Thumb Code     6  stm32f10x_rcc.o(.text)
    TIM_DeInit                               0x08000cb5   Thumb Code   424  stm32f10x_tim.o(.text)
    TIM_TimeBaseInit                         0x08000e5d   Thumb Code   122  stm32f10x_tim.o(.text)
    TIM_OC1Init                              0x08000ed7   Thumb Code   132  stm32f10x_tim.o(.text)
    TIM_OC2Init                              0x08000f5b   Thumb Code   154  stm32f10x_tim.o(.text)
    TIM_OC3Init                              0x08000ff5   Thumb Code   150  stm32f10x_tim.o(.text)
    TIM_OC4Init                              0x0800108b   Thumb Code   182  stm32f10x_tim.o(.text)
    TIM_SetIC4Prescaler                      0x08001141   Thumb Code    26  stm32f10x_tim.o(.text)
    TIM_SetIC3Prescaler                      0x080011dd   Thumb Code    18  stm32f10x_tim.o(.text)
    TIM_SetIC2Prescaler                      0x08001269   Thumb Code    26  stm32f10x_tim.o(.text)
    TIM_SetIC1Prescaler                      0x08001305   Thumb Code    18  stm32f10x_tim.o(.text)
    TIM_ICInit                               0x08001383   Thumb Code   150  stm32f10x_tim.o(.text)
    TIM_PWMIConfig                           0x08001419   Thumb Code   124  stm32f10x_tim.o(.text)
    TIM_BDTRConfig                           0x08001495   Thumb Code    32  stm32f10x_tim.o(.text)
    TIM_TimeBaseStructInit                   0x080014b5   Thumb Code    18  stm32f10x_tim.o(.text)
    TIM_OCStructInit                         0x080014c7   Thumb Code    20  stm32f10x_tim.o(.text)
    TIM_ICStructInit                         0x080014db   Thumb Code    18  stm32f10x_tim.o(.text)
    TIM_BDTRStructInit                       0x080014ed   Thumb Code    40  stm32f10x_tim.o(.text)
    TIM_Cmd                                  0x08001515   Thumb Code    24  stm32f10x_tim.o(.text)
    TIM_CtrlPWMOutputs                       0x0800152d   Thumb Code    30  stm32f10x_tim.o(.text)
    TIM_ITConfig                             0x0800154b   Thumb Code    18  stm32f10x_tim.o(.text)
    TIM_GenerateEvent                        0x0800155d   Thumb Code     4  stm32f10x_tim.o(.text)
    TIM_DMAConfig                            0x08001561   Thumb Code    10  stm32f10x_tim.o(.text)
    TIM_DMACmd                               0x0800156b   Thumb Code    18  stm32f10x_tim.o(.text)
    TIM_InternalClockConfig                  0x0800157d   Thumb Code    12  stm32f10x_tim.o(.text)
    TIM_SelectInputTrigger                   0x08001589   Thumb Code    18  stm32f10x_tim.o(.text)
    TIM_ITRxExternalClockConfig              0x0800159b   Thumb Code    24  stm32f10x_tim.o(.text)
    TIM_TIxExternalClockConfig               0x080015b3   Thumb Code    62  stm32f10x_tim.o(.text)
    TIM_ETRConfig                            0x080015f1   Thumb Code    28  stm32f10x_tim.o(.text)
    TIM_ETRClockMode1Config                  0x0800160d   Thumb Code    54  stm32f10x_tim.o(.text)
    TIM_ETRClockMode2Config                  0x08001643   Thumb Code    32  stm32f10x_tim.o(.text)
    TIM_PrescalerConfig                      0x08001663   Thumb Code     6  stm32f10x_tim.o(.text)
    TIM_CounterModeConfig                    0x08001669   Thumb Code    18  stm32f10x_tim.o(.text)
    TIM_EncoderInterfaceConfig               0x0800167b   Thumb Code    66  stm32f10x_tim.o(.text)
    TIM_ForcedOC1Config                      0x080016bd   Thumb Code    18  stm32f10x_tim.o(.text)
    TIM_ForcedOC2Config                      0x080016cf   Thumb Code    26  stm32f10x_tim.o(.text)
    TIM_ForcedOC3Config                      0x080016e9   Thumb Code    18  stm32f10x_tim.o(.text)
    TIM_ForcedOC4Config                      0x080016fb   Thumb Code    26  stm32f10x_tim.o(.text)
    TIM_ARRPreloadConfig                     0x08001715   Thumb Code    24  stm32f10x_tim.o(.text)
    TIM_SelectCOM                            0x0800172d   Thumb Code    24  stm32f10x_tim.o(.text)
    TIM_SelectCCDMA                          0x08001745   Thumb Code    24  stm32f10x_tim.o(.text)
    TIM_CCPreloadControl                     0x0800175d   Thumb Code    24  stm32f10x_tim.o(.text)
    TIM_OC1PreloadConfig                     0x08001775   Thumb Code    18  stm32f10x_tim.o(.text)
    TIM_OC2PreloadConfig                     0x08001787   Thumb Code    26  stm32f10x_tim.o(.text)
    TIM_OC3PreloadConfig                     0x080017a1   Thumb Code    18  stm32f10x_tim.o(.text)
    TIM_OC4PreloadConfig                     0x080017b3   Thumb Code    26  stm32f10x_tim.o(.text)
    TIM_OC1FastConfig                        0x080017cd   Thumb Code    18  stm32f10x_tim.o(.text)
    TIM_OC2FastConfig                        0x080017df   Thumb Code    26  stm32f10x_tim.o(.text)
    TIM_OC3FastConfig                        0x080017f9   Thumb Code    18  stm32f10x_tim.o(.text)
    TIM_OC4FastConfig                        0x0800180b   Thumb Code    26  stm32f10x_tim.o(.text)
    TIM_ClearOC1Ref                          0x08001825   Thumb Code    18  stm32f10x_tim.o(.text)
    TIM_ClearOC2Ref                          0x08001837   Thumb Code    24  stm32f10x_tim.o(.text)
    TIM_ClearOC3Ref                          0x0800184f   Thumb Code    18  stm32f10x_tim.o(.text)
    TIM_ClearOC4Ref                          0x08001861   Thumb Code    24  stm32f10x_tim.o(.text)
    TIM_OC1PolarityConfig                    0x08001879   Thumb Code    18  stm32f10x_tim.o(.text)
    TIM_OC1NPolarityConfig                   0x0800188b   Thumb Code    18  stm32f10x_tim.o(.text)
    TIM_OC2PolarityConfig                    0x0800189d   Thumb Code    26  stm32f10x_tim.o(.text)
    TIM_OC2NPolarityConfig                   0x080018b7   Thumb Code    26  stm32f10x_tim.o(.text)
    TIM_OC3PolarityConfig                    0x080018d1   Thumb Code    26  stm32f10x_tim.o(.text)
    TIM_OC3NPolarityConfig                   0x080018eb   Thumb Code    26  stm32f10x_tim.o(.text)
    TIM_OC4PolarityConfig                    0x08001905   Thumb Code    26  stm32f10x_tim.o(.text)
    TIM_CCxCmd                               0x0800191f   Thumb Code    30  stm32f10x_tim.o(.text)
    TIM_CCxNCmd                              0x0800193d   Thumb Code    30  stm32f10x_tim.o(.text)
    TIM_SelectOCxM                           0x0800195b   Thumb Code    82  stm32f10x_tim.o(.text)
    TIM_UpdateDisableConfig                  0x080019ad   Thumb Code    24  stm32f10x_tim.o(.text)
    TIM_UpdateRequestConfig                  0x080019c5   Thumb Code    24  stm32f10x_tim.o(.text)
    TIM_SelectHallSensor                     0x080019dd   Thumb Code    24  stm32f10x_tim.o(.text)
    TIM_SelectOnePulseMode                   0x080019f5   Thumb Code    18  stm32f10x_tim.o(.text)
    TIM_SelectOutputTrigger                  0x08001a07   Thumb Code    18  stm32f10x_tim.o(.text)
    TIM_SelectSlaveMode                      0x08001a19   Thumb Code    18  stm32f10x_tim.o(.text)
    TIM_SelectMasterSlaveMode                0x08001a2b   Thumb Code    18  stm32f10x_tim.o(.text)
    TIM_SetCounter                           0x08001a3d   Thumb Code     4  stm32f10x_tim.o(.text)
    TIM_SetAutoreload                        0x08001a41   Thumb Code     4  stm32f10x_tim.o(.text)
    TIM_SetCompare1                          0x08001a45   Thumb Code     4  stm32f10x_tim.o(.text)
    TIM_SetCompare2                          0x08001a49   Thumb Code     4  stm32f10x_tim.o(.text)
    TIM_SetCompare3                          0x08001a4d   Thumb Code     4  stm32f10x_tim.o(.text)
    TIM_SetCompare4                          0x08001a51   Thumb Code     6  stm32f10x_tim.o(.text)
    TIM_SetClockDivision                     0x08001a57   Thumb Code    18  stm32f10x_tim.o(.text)
    TIM_GetCapture1                          0x08001a69   Thumb Code     6  stm32f10x_tim.o(.text)
    TIM_GetCapture2                          0x08001a6f   Thumb Code     6  stm32f10x_tim.o(.text)
    TIM_GetCapture3                          0x08001a75   Thumb Code     6  stm32f10x_tim.o(.text)
    TIM_GetCapture4                          0x08001a7b   Thumb Code     8  stm32f10x_tim.o(.text)
    TIM_GetCounter                           0x08001a83   Thumb Code     6  stm32f10x_tim.o(.text)
    TIM_GetPrescaler                         0x08001a89   Thumb Code     6  stm32f10x_tim.o(.text)
    TIM_GetFlagStatus                        0x08001a8f   Thumb Code    18  stm32f10x_tim.o(.text)
    TIM_ClearFlag                            0x08001aa1   Thumb Code     6  stm32f10x_tim.o(.text)
    TIM_GetITStatus                          0x08001aa7   Thumb Code    34  stm32f10x_tim.o(.text)
    TIM_ClearITPendingBit                    0x08001ac9   Thumb Code     6  stm32f10x_tim.o(.text)
    USART_DeInit                             0x08001ad1   Thumb Code   134  stm32f10x_usart.o(.text)
    USART_Init                               0x08001b57   Thumb Code   210  stm32f10x_usart.o(.text)
    USART_StructInit                         0x08001c29   Thumb Code    24  stm32f10x_usart.o(.text)
    USART_ClockInit                          0x08001c41   Thumb Code    34  stm32f10x_usart.o(.text)
    USART_ClockStructInit                    0x08001c63   Thumb Code    12  stm32f10x_usart.o(.text)
    USART_Cmd                                0x08001c6f   Thumb Code    24  stm32f10x_usart.o(.text)
    USART_ITConfig                           0x08001c87   Thumb Code    74  stm32f10x_usart.o(.text)
    USART_DMACmd                             0x08001cd1   Thumb Code    18  stm32f10x_usart.o(.text)
    USART_SetAddress                         0x08001ce3   Thumb Code    18  stm32f10x_usart.o(.text)
    USART_WakeUpConfig                       0x08001cf5   Thumb Code    18  stm32f10x_usart.o(.text)
    USART_ReceiverWakeUpCmd                  0x08001d07   Thumb Code    24  stm32f10x_usart.o(.text)
    USART_LINBreakDetectLengthConfig         0x08001d1f   Thumb Code    18  stm32f10x_usart.o(.text)
    USART_LINCmd                             0x08001d31   Thumb Code    24  stm32f10x_usart.o(.text)
    USART_SendData                           0x08001d49   Thumb Code     8  stm32f10x_usart.o(.text)
    USART_ReceiveData                        0x08001d51   Thumb Code    10  stm32f10x_usart.o(.text)
    USART_SendBreak                          0x08001d5b   Thumb Code    10  stm32f10x_usart.o(.text)
    USART_SetGuardTime                       0x08001d65   Thumb Code    16  stm32f10x_usart.o(.text)
    USART_SetPrescaler                       0x08001d75   Thumb Code    16  stm32f10x_usart.o(.text)
    USART_SmartCardCmd                       0x08001d85   Thumb Code    24  stm32f10x_usart.o(.text)
    USART_SmartCardNACKCmd                   0x08001d9d   Thumb Code    24  stm32f10x_usart.o(.text)
    USART_HalfDuplexCmd                      0x08001db5   Thumb Code    24  stm32f10x_usart.o(.text)
    USART_OverSampling8Cmd                   0x08001dcd   Thumb Code    22  stm32f10x_usart.o(.text)
    USART_OneBitMethodCmd                    0x08001de3   Thumb Code    24  stm32f10x_usart.o(.text)
    USART_IrDAConfig                         0x08001dfb   Thumb Code    18  stm32f10x_usart.o(.text)
    USART_IrDACmd                            0x08001e0d   Thumb Code    24  stm32f10x_usart.o(.text)
    USART_GetFlagStatus                      0x08001e25   Thumb Code    26  stm32f10x_usart.o(.text)
    USART_ClearFlag                          0x08001e3f   Thumb Code    18  stm32f10x_usart.o(.text)
    USART_GetITStatus                        0x08001e51   Thumb Code    84  stm32f10x_usart.o(.text)
    USART_ClearITPendingBit                  0x08001ea5   Thumb Code    52  stm32f10x_usart.o(.text)
    DMA_DeInit                               0x08001ed9   Thumb Code   324  stm32f10x_dma.o(.text)
    DMA_Init                                 0x0800201d   Thumb Code    60  stm32f10x_dma.o(.text)
    DMA_StructInit                           0x08002059   Thumb Code    26  stm32f10x_dma.o(.text)
    DMA_Cmd                                  0x08002073   Thumb Code    24  stm32f10x_dma.o(.text)
    DMA_ITConfig                             0x0800208b   Thumb Code    18  stm32f10x_dma.o(.text)
    DMA_SetCurrDataCounter                   0x0800209d   Thumb Code     4  stm32f10x_dma.o(.text)
    DMA_GetCurrDataCounter                   0x080020a1   Thumb Code     8  stm32f10x_dma.o(.text)
    DMA_GetFlagStatus                        0x080020a9   Thumb Code    40  stm32f10x_dma.o(.text)
    DMA_ClearFlag                            0x080020d1   Thumb Code    22  stm32f10x_dma.o(.text)
    DMA_GetITStatus                          0x080020e7   Thumb Code    40  stm32f10x_dma.o(.text)
    DMA_ClearITPendingBit                    0x0800210f   Thumb Code    22  stm32f10x_dma.o(.text)
    BSP_Init                                 0x0800212d   Thumb Code    82  bsp.o(.text)
    TIM1_PWM_Init                            0x08002181   Thumb Code   276  pwm.o(.text)
    direction                                0x08002295   Thumb Code   288  pwm.o(.text)
    TIM3_Cap_Init                            0x080023c5   Thumb Code   308  capture.o(.text)
    TIM3_IRQHandler                          0x080024f9   Thumb Code   620  capture.o(.text)
    freq_limit                               0x08002765   Thumb Code    26  capture.o(.text)
    TIM2_Cap_Init                            0x080027a1   Thumb Code   326  capture2.o(.text)
    TIM2_IRQHandler                          0x080028e7   Thumb Code   630  capture2.o(.text)
    timer_Init                               0x08002b7d   Thumb Code    90  timer.o(.text)
    TIM4_IRQHandler                          0x08002bd7   Thumb Code    36  timer.o(.text)
    usart1_init                              0x08002c05   Thumb Code   232  usart1.o(.text)
    DMA1_Channel5_IRQHandler                 0x08002e2d   Thumb Code   164  usart1.o(.text)
    usart2_init                              0x08002f05   Thumb Code   228  usart2.o(.text)
    DMA1_Channel6_IRQHandler                 0x08003089   Thumb Code   168  usart2.o(.text)
    driver_init                              0x08003265   Thumb Code   122  driver.o(.text)
    Set_GoForward_ALL                        0x080032df   Thumb Code    56  driver.o(.text)
    Set_Break_All                            0x08003317   Thumb Code    44  driver.o(.text)
    Set_GoBack_ALL                           0x08003343   Thumb Code    56  driver.o(.text)
    Set_GoBack_M2                            0x0800337b   Thumb Code    16  driver.o(.text)
    Set_GoBack_M4                            0x0800338b   Thumb Code    16  driver.o(.text)
    Set_GoBack_M1                            0x0800339b   Thumb Code    16  driver.o(.text)
    Set_GoBack_M3                            0x080033ab   Thumb Code    18  driver.o(.text)
    Set_GoForward_M2                         0x080033bd   Thumb Code    16  driver.o(.text)
    Set_GoForward_M4                         0x080033cd   Thumb Code    16  driver.o(.text)
    Set_GoForward_M1                         0x080033dd   Thumb Code    16  driver.o(.text)
    Set_GoForward_M3                         0x080033ed   Thumb Code    18  driver.o(.text)
    Set_Break_FL                             0x080033ff   Thumb Code    14  driver.o(.text)
    Set_Break_BL                             0x0800340d   Thumb Code    14  driver.o(.text)
    Set_Break_FR                             0x0800341b   Thumb Code    14  driver.o(.text)
    Set_Break_BR                             0x08003429   Thumb Code    16  driver.o(.text)
    Set_Turn_R                               0x08003439   Thumb Code    20  driver.o(.text)
    Set_Turn_L                               0x0800344d   Thumb Code    20  driver.o(.text)
    Set_Shift_L                              0x08003461   Thumb Code    20  driver.o(.text)
    Set_Shift_R                              0x08003475   Thumb Code    20  driver.o(.text)
    Wheel_PID                                0x080034ad   Thumb Code   200  pid.o(.text)
    PID_General                              0x08003575   Thumb Code   206  pid.o(.text)
    Motor_Control                            0x08003659   Thumb Code   104  app.o(.text)
    APP_Init                                 0x080036c1   Thumb Code   254  app.o(.text)
    main                                     0x0800380d   Thumb Code     8  main.o(.text)
    __aeabi_memcpy                           0x08003815   Thumb Code     0  rt_memcpy_v6.o(.text)
    __rt_memcpy                              0x08003815   Thumb Code   138  rt_memcpy_v6.o(.text)
    _memcpy_lastbytes                        0x0800387b   Thumb Code     0  rt_memcpy_v6.o(.text)
    __use_two_region_memory                  0x0800389f   Thumb Code     2  heapauxi.o(.text)
    __rt_heap_escrow$2region                 0x080038a1   Thumb Code     2  heapauxi.o(.text)
    __rt_heap_expand$2region                 0x080038a3   Thumb Code     2  heapauxi.o(.text)
    __aeabi_memcpy4                          0x080038a5   Thumb Code     0  rt_memcpy_w.o(.text)
    __aeabi_memcpy8                          0x080038a5   Thumb Code     0  rt_memcpy_w.o(.text)
    __rt_memcpy_w                            0x080038a5   Thumb Code   100  rt_memcpy_w.o(.text)
    _memcpy_lastbytes_aligned                0x080038ed   Thumb Code     0  rt_memcpy_w.o(.text)
    __user_setup_stackheap                   0x08003909   Thumb Code    74  sys_stackheap_outer.o(.text)
    exit                                     0x08003953   Thumb Code    12  exit.o(.text)
    __user_libspace                          0x08003961   Thumb Code     8  libspace.o(.text)
    __user_perproc_libspace                  0x08003961   Thumb Code     0  libspace.o(.text)
    __user_perthread_libspace                0x08003961   Thumb Code     0  libspace.o(.text)
    _sys_exit                                0x08003969   Thumb Code     8  sys_exit.o(.text)
    __I$use$semihosting                      0x08003975   Thumb Code     0  use_no_semi.o(.text)
    __use_no_semihosting_swi                 0x08003975   Thumb Code     2  use_no_semi.o(.text)
    __semihosting_library_function           0x08003977   Thumb Code     0  indicate_semi.o(.text)
    __aeabi_fadd                             0x08003979   Thumb Code     0  faddsub_clz.o(x$fpl$fadd)
    _fadd                                    0x08003979   Thumb Code   196  faddsub_clz.o(x$fpl$fadd)
    __fpl_fcmp_Inf                           0x08003a3d   Thumb Code    24  fcmpi.o(x$fpl$fcmpinf)
    __aeabi_fdiv                             0x08003a55   Thumb Code     0  fdiv.o(x$fpl$fdiv)
    _fdiv                                    0x08003a55   Thumb Code   384  fdiv.o(x$fpl$fdiv)
    __aeabi_f2iz                             0x08003bd9   Thumb Code     0  ffix.o(x$fpl$ffix)
    _ffix                                    0x08003bd9   Thumb Code    54  ffix.o(x$fpl$ffix)
    __aeabi_f2uiz                            0x08003c11   Thumb Code     0  ffixu.o(x$fpl$ffixu)
    _ffixu                                   0x08003c11   Thumb Code    62  ffixu.o(x$fpl$ffixu)
    __aeabi_i2f                              0x08003c51   Thumb Code     0  fflt_clz.o(x$fpl$fflt)
    _fflt                                    0x08003c51   Thumb Code    48  fflt_clz.o(x$fpl$fflt)
    __aeabi_ui2f                             0x08003c81   Thumb Code     0  fflt_clz.o(x$fpl$ffltu)
    _ffltu                                   0x08003c81   Thumb Code    38  fflt_clz.o(x$fpl$ffltu)
    __aeabi_cfcmple                          0x08003ca9   Thumb Code     0  fleqf.o(x$fpl$fleqf)
    _fcmple                                  0x08003ca9   Thumb Code   104  fleqf.o(x$fpl$fleqf)
    __fpl_fcmple_InfNaN                      0x08003cfb   Thumb Code     0  fleqf.o(x$fpl$fleqf)
    __aeabi_fmul                             0x08003d11   Thumb Code     0  fmul.o(x$fpl$fmul)
    _fmul                                    0x08003d11   Thumb Code   258  fmul.o(x$fpl$fmul)
    __fpl_fnaninf                            0x08003e13   Thumb Code   140  fnaninf.o(x$fpl$fnaninf)
    __fpl_fretinf                            0x08003e9f   Thumb Code    10  fretinf.o(x$fpl$fretinf)
    __aeabi_cfrcmple                         0x08003ea9   Thumb Code     0  frleqf.o(x$fpl$frleqf)
    _frcmple                                 0x08003ea9   Thumb Code    98  frleqf.o(x$fpl$frleqf)
    __aeabi_fsub                             0x08003f0d   Thumb Code     0  faddsub_clz.o(x$fpl$fsub)
    _fsub                                    0x08003f0d   Thumb Code   234  faddsub_clz.o(x$fpl$fsub)
    __I$use$fp                               0x08003ff6   Number         0  usenofp.o(x$fpl$usenofp)
    Region$$Table$$Base                      0x08003ff8   Number         0  anon$$obj.o(Region$$Table)
    Region$$Table$$Limit                     0x08004018   Number         0  anon$$obj.o(Region$$Table)
    SystemCoreClock                          0x20000000   Data           4  system_stm32f10x.o(.data)
    AHBPrescTable                            0x20000004   Data          16  system_stm32f10x.o(.data)
    time_cnt                                 0x2000002c   Data           4  timer.o(.data)
    Car_Wheel_LF                             0x20000030   Data           6  usart1.o(.data)
    Car_Wheel_RF                             0x20000036   Data           6  usart1.o(.data)
    Car_Wheel_LB                             0x2000003c   Data           6  usart1.o(.data)
    Car_Wheel_RB                             0x20000042   Data           6  usart1.o(.data)
    buf3_xxx                                 0x20000051   Data           5  usart2.o(.data)
    Openmv_rho                               0x2000005c   Data         144  usart2.o(.data)
    Openmv_theta                             0x200000ec   Data         144  usart2.o(.data)
    pid_m1                                   0x20000180   Data          30  pid.o(.data)
    pid_m2                                   0x2000019e   Data          30  pid.o(.data)
    pid_m3                                   0x200001bc   Data          30  pid.o(.data)
    pid_m4                                   0x200001da   Data          30  pid.o(.data)
    pid_line_theta                           0x200001f8   Data          48  pid.o(.data)
    pid_line_x                               0x20000228   Data          48  pid.o(.data)
    a                                        0x20000258   Data           2  app.o(.data)
    b                                        0x2000025a   Data           2  app.o(.data)
    c                                        0x2000025c   Data           2  app.o(.data)
    d                                        0x2000025e   Data           2  app.o(.data)
    delta_cnt                                0x20000260   Data           2  app.o(.data)
    last_cnt                                 0x20000264   Data           4  app.o(.data)
    time_flag                                0x20000268   Data           1  app.o(.data)
    task_flag                                0x20000269   Data           1  app.o(.data)
    segment_flag                             0x2000026a   Data           1  app.o(.data)
    ff                                       0x2000026b   Data           1  app.o(.data)
    Tim3_Capture_1                           0x20000270   Data          10  capture.o(.bss)
    Tim3_Capture_2                           0x2000027a   Data          10  capture.o(.bss)
    Tim3_Capture_3                           0x20000284   Data          10  capture.o(.bss)
    Tim3_Capture_4                           0x2000028e   Data          10  capture.o(.bss)
    Tim2_Capture_1                           0x20000298   Data          10  capture2.o(.bss)
    Tim2_Capture_2                           0x200002a2   Data          10  capture2.o(.bss)
    Tim2_Capture_3                           0x200002ac   Data          10  capture2.o(.bss)
    Tim2_Capture_4                           0x200002b6   Data          10  capture2.o(.bss)
    Openmv                                   0x200002e8   Data          28  usart2.o(.bss)
    __libspace_start                         0x20000304   Data          96  libspace.o(.bss)
    __temporary_stack_top$libspace           0x20000364   Data           0  libspace.o(.bss)



==============================================================================

Memory Map of the image

  Image Entry point : 0x080000ed

  Load Region LR_IROM1 (Base: 0x08000000, Size: 0x00004288, Max: 0x00010000, ABSOLUTE, COMPRESSED[0x00004068])

    Execution Region ER_IROM1 (Base: 0x08000000, Size: 0x00004018, Max: 0x00010000, ABSOLUTE)

    Base Addr    Size         Type   Attr      Idx    E Section Name        Object

    0x08000000   0x000000ec   Data   RO           19    RESET               startup_stm32f10x_md.o
    0x080000ec   0x00000008   Code   RO          427  * !!!main             c_w.l(__main.o)
    0x080000f4   0x00000034   Code   RO          624    !!!scatter          c_w.l(__scatter.o)
    0x08000128   0x0000005a   Code   RO          622    !!dczerorl2         c_w.l(__dczerorl2.o)
    0x08000182   0x00000002   PAD
    0x08000184   0x0000001c   Code   RO          626    !!handler_zi        c_w.l(__scatter_zi.o)
    0x080001a0   0x00000002   Code   RO          493    .ARM.Collect$$libinit$$00000000  c_w.l(libinit.o)
    0x080001a2   0x00000000   Code   RO          500    .ARM.Collect$$libinit$$00000002  c_w.l(libinit2.o)
    0x080001a2   0x00000000   Code   RO          502    .ARM.Collect$$libinit$$00000004  c_w.l(libinit2.o)
    0x080001a2   0x00000000   Code   RO          505    .ARM.Collect$$libinit$$0000000A  c_w.l(libinit2.o)
    0x080001a2   0x00000000   Code   RO          507    .ARM.Collect$$libinit$$0000000C  c_w.l(libinit2.o)
    0x080001a2   0x00000000   Code   RO          509    .ARM.Collect$$libinit$$0000000E  c_w.l(libinit2.o)
    0x080001a2   0x00000000   Code   RO          512    .ARM.Collect$$libinit$$00000011  c_w.l(libinit2.o)
    0x080001a2   0x00000000   Code   RO          514    .ARM.Collect$$libinit$$00000013  c_w.l(libinit2.o)
    0x080001a2   0x00000000   Code   RO          516    .ARM.Collect$$libinit$$00000015  c_w.l(libinit2.o)
    0x080001a2   0x00000000   Code   RO          518    .ARM.Collect$$libinit$$00000017  c_w.l(libinit2.o)
    0x080001a2   0x00000000   Code   RO          520    .ARM.Collect$$libinit$$00000019  c_w.l(libinit2.o)
    0x080001a2   0x00000000   Code   RO          522    .ARM.Collect$$libinit$$0000001B  c_w.l(libinit2.o)
    0x080001a2   0x00000000   Code   RO          524    .ARM.Collect$$libinit$$0000001D  c_w.l(libinit2.o)
    0x080001a2   0x00000000   Code   RO          526    .ARM.Collect$$libinit$$0000001F  c_w.l(libinit2.o)
    0x080001a2   0x00000000   Code   RO          528    .ARM.Collect$$libinit$$00000021  c_w.l(libinit2.o)
    0x080001a2   0x00000000   Code   RO          530    .ARM.Collect$$libinit$$00000023  c_w.l(libinit2.o)
    0x080001a2   0x00000000   Code   RO          532    .ARM.Collect$$libinit$$00000025  c_w.l(libinit2.o)
    0x080001a2   0x00000000   Code   RO          536    .ARM.Collect$$libinit$$0000002C  c_w.l(libinit2.o)
    0x080001a2   0x00000000   Code   RO          538    .ARM.Collect$$libinit$$0000002E  c_w.l(libinit2.o)
    0x080001a2   0x00000000   Code   RO          540    .ARM.Collect$$libinit$$00000030  c_w.l(libinit2.o)
    0x080001a2   0x00000000   Code   RO          542    .ARM.Collect$$libinit$$00000032  c_w.l(libinit2.o)
    0x080001a2   0x00000002   Code   RO          543    .ARM.Collect$$libinit$$00000033  c_w.l(libinit2.o)
    0x080001a4   0x00000002   Code   RO          563    .ARM.Collect$$libshutdown$$00000000  c_w.l(libshutdown.o)
    0x080001a6   0x00000000   Code   RO          577    .ARM.Collect$$libshutdown$$00000003  c_w.l(libshutdown2.o)
    0x080001a6   0x00000000   Code   RO          580    .ARM.Collect$$libshutdown$$00000006  c_w.l(libshutdown2.o)
    0x080001a6   0x00000000   Code   RO          583    .ARM.Collect$$libshutdown$$00000009  c_w.l(libshutdown2.o)
    0x080001a6   0x00000000   Code   RO          585    .ARM.Collect$$libshutdown$$0000000B  c_w.l(libshutdown2.o)
    0x080001a6   0x00000000   Code   RO          588    .ARM.Collect$$libshutdown$$0000000E  c_w.l(libshutdown2.o)
    0x080001a6   0x00000002   Code   RO          589    .ARM.Collect$$libshutdown$$0000000F  c_w.l(libshutdown2.o)
    0x080001a8   0x00000000   Code   RO          459    .ARM.Collect$$rtentry$$00000000  c_w.l(__rtentry.o)
    0x080001a8   0x00000000   Code   RO          470    .ARM.Collect$$rtentry$$00000002  c_w.l(__rtentry2.o)
    0x080001a8   0x00000006   Code   RO          482    .ARM.Collect$$rtentry$$00000004  c_w.l(__rtentry4.o)
    0x080001ae   0x00000000   Code   RO          472    .ARM.Collect$$rtentry$$00000009  c_w.l(__rtentry2.o)
    0x080001ae   0x00000004   Code   RO          473    .ARM.Collect$$rtentry$$0000000A  c_w.l(__rtentry2.o)
    0x080001b2   0x00000000   Code   RO          475    .ARM.Collect$$rtentry$$0000000C  c_w.l(__rtentry2.o)
    0x080001b2   0x00000008   Code   RO          476    .ARM.Collect$$rtentry$$0000000D  c_w.l(__rtentry2.o)
    0x080001ba   0x00000002   Code   RO          497    .ARM.Collect$$rtexit$$00000000  c_w.l(rtexit.o)
    0x080001bc   0x00000000   Code   RO          545    .ARM.Collect$$rtexit$$00000002  c_w.l(rtexit2.o)
    0x080001bc   0x00000004   Code   RO          546    .ARM.Collect$$rtexit$$00000003  c_w.l(rtexit2.o)
    0x080001c0   0x00000006   Code   RO          547    .ARM.Collect$$rtexit$$00000004  c_w.l(rtexit2.o)
    0x080001c6   0x00000002   PAD
    0x080001c8   0x00000040   Code   RO           20    .text               startup_stm32f10x_md.o
    0x08000208   0x0000001a   Code   RO           24    .text               stm32f10x_it.o
    0x08000222   0x00000002   PAD
    0x08000224   0x000001e0   Code   RO           68    .text               system_stm32f10x.o
    0x08000404   0x000000d4   Code   RO           86    .text               delay.o
    0x080004d8   0x000000dc   Code   RO          118    .text               misc.o
    0x080005b4   0x0000035c   Code   RO          130    .text               stm32f10x_gpio.o
    0x08000910   0x000003a4   Code   RO          142    .text               stm32f10x_rcc.o
    0x08000cb4   0x00000e1a   Code   RO          156    .text               stm32f10x_tim.o
    0x08001ace   0x00000002   PAD
    0x08001ad0   0x00000408   Code   RO          168    .text               stm32f10x_usart.o
    0x08001ed8   0x00000254   Code   RO          180    .text               stm32f10x_dma.o
    0x0800212c   0x00000052   Code   RO          195    .text               bsp.o
    0x0800217e   0x00000002   PAD
    0x08002180   0x00000244   Code   RO          238    .text               pwm.o
    0x080023c4   0x000003dc   Code   RO          250    .text               capture.o
    0x080027a0   0x000003dc   Code   RO          268    .text               capture2.o
    0x08002b7c   0x00000088   Code   RO          286    .text               timer.o
    0x08002c04   0x00000300   Code   RO          301    .text               usart1.o
    0x08002f04   0x00000360   Code   RO          333    .text               usart2.o
    0x08003264   0x00000248   Code   RO          360    .text               driver.o
    0x080034ac   0x000001ac   Code   RO          372    .text               pid.o
    0x08003658   0x000001b4   Code   RO          390    .text               app.o
    0x0800380c   0x00000008   Code   RO          406    .text               main.o
    0x08003814   0x0000008a   Code   RO          423    .text               c_w.l(rt_memcpy_v6.o)
    0x0800389e   0x00000006   Code   RO          425    .text               c_w.l(heapauxi.o)
    0x080038a4   0x00000064   Code   RO          460    .text               c_w.l(rt_memcpy_w.o)
    0x08003908   0x0000004a   Code   RO          484    .text               c_w.l(sys_stackheap_outer.o)
    0x08003952   0x0000000c   Code   RO          486    .text               c_w.l(exit.o)
    0x0800395e   0x00000002   PAD
    0x08003960   0x00000008   Code   RO          494    .text               c_w.l(libspace.o)
    0x08003968   0x0000000c   Code   RO          555    .text               c_w.l(sys_exit.o)
    0x08003974   0x00000002   Code   RO          566    .text               c_w.l(use_no_semi.o)
    0x08003976   0x00000000   Code   RO          568    .text               c_w.l(indicate_semi.o)
    0x08003976   0x00000002   PAD
    0x08003978   0x000000c4   Code   RO          429    x$fpl$fadd          fz_ws.l(faddsub_clz.o)
    0x08003a3c   0x00000018   Code   RO          462    x$fpl$fcmpinf       fz_ws.l(fcmpi.o)
    0x08003a54   0x00000184   Code   RO          436    x$fpl$fdiv          fz_ws.l(fdiv.o)
    0x08003bd8   0x00000036   Code   RO          439    x$fpl$ffix          fz_ws.l(ffix.o)
    0x08003c0e   0x00000002   PAD
    0x08003c10   0x0000003e   Code   RO          443    x$fpl$ffixu         fz_ws.l(ffixu.o)
    0x08003c4e   0x00000002   PAD
    0x08003c50   0x00000030   Code   RO          448    x$fpl$fflt          fz_ws.l(fflt_clz.o)
    0x08003c80   0x00000026   Code   RO          447    x$fpl$ffltu         fz_ws.l(fflt_clz.o)
    0x08003ca6   0x00000002   PAD
    0x08003ca8   0x00000068   Code   RO          453    x$fpl$fleqf         fz_ws.l(fleqf.o)
    0x08003d10   0x00000102   Code   RO          455    x$fpl$fmul          fz_ws.l(fmul.o)
    0x08003e12   0x0000008c   Code   RO          464    x$fpl$fnaninf       fz_ws.l(fnaninf.o)
    0x08003e9e   0x0000000a   Code   RO          466    x$fpl$fretinf       fz_ws.l(fretinf.o)
    0x08003ea8   0x00000062   Code   RO          457    x$fpl$frleqf        fz_ws.l(frleqf.o)
    0x08003f0a   0x00000002   PAD
    0x08003f0c   0x000000ea   Code   RO          431    x$fpl$fsub          fz_ws.l(faddsub_clz.o)
    0x08003ff6   0x00000000   Code   RO          468    x$fpl$usenofp       fz_ws.l(usenofp.o)
    0x08003ff6   0x00000002   PAD
    0x08003ff8   0x00000020   Data   RO          620    Region$$Table       anon$$obj.o


    Execution Region RW_IRAM1 (Base: 0x20000000, Size: 0x00000968, Max: 0x00005000, ABSOLUTE, COMPRESSED[0x00000050])

    Base Addr    Size         Type   Attr      Idx    E Section Name        Object

    0x20000000   0x00000014   Data   RW           69    .data               system_stm32f10x.o
    0x20000014   0x00000004   Data   RW           87    .data               delay.o
    0x20000018   0x00000014   Data   RW          143    .data               stm32f10x_rcc.o
    0x2000002c   0x00000004   Data   RW          287    .data               timer.o
    0x20000030   0x0000001c   Data   RW          303    .data               usart1.o
    0x2000004c   0x00000134   Data   RW          336    .data               usart2.o
    0x20000180   0x000000d8   Data   RW          373    .data               pid.o
    0x20000258   0x00000016   Data   RW          391    .data               app.o
    0x2000026e   0x00000002   PAD
    0x20000270   0x00000028   Zero   RW          251    .bss                capture.o
    0x20000298   0x00000028   Zero   RW          269    .bss                capture2.o
    0x200002c0   0x00000027   Zero   RW          302    .bss                usart1.o
    0x200002e7   0x00000001   PAD
    0x200002e8   0x0000001c   Zero   RW          334    .bss                usart2.o
    0x20000304   0x00000060   Zero   RW          495    .bss                c_w.l(libspace.o)
    0x20000364   0x00000004   PAD
    0x20000368   0x00000200   Zero   RW           18    HEAP                startup_stm32f10x_md.o
    0x20000568   0x00000400   Zero   RW           17    STACK               startup_stm32f10x_md.o


==============================================================================

Image component sizes


      Code (inc. data)   RO Data    RW Data    ZI Data      Debug   Object Name

       436         78          0         22          0       1350   app.o
        82          0          0          0          0       1025   bsp.o
       988         34          0          0         40       2353   capture.o
       988         32          0          0         40       1722   capture2.o
         0          0          0          0          0       4536   core_cm3.o
       212         18          0          4          0       1015   delay.o
       584         36          0          0          0       2715   driver.o
         8          0          0          0          0        403   main.o
       220         22          0          0          0       1801   misc.o
       428         22          0        216          0       2796   pid.o
       580         16          0          0          0       1098   pwm.o
        64         26        236          0       1536        800   startup_stm32f10x_md.o
       596          8          0          0          0      14158   stm32f10x_dma.o
       860         38          0          0          0       5645   stm32f10x_gpio.o
        26          0          0          0          0     248066   stm32f10x_it.o
       932         36          0         20          0       8812   stm32f10x_rcc.o
      3610         88          0          0          0      22128   stm32f10x_tim.o
      1032         22          0          0          0       8368   stm32f10x_usart.o
       480         38          0         20          0       1787   system_stm32f10x.o
       136         10          0          4          0        908   timer.o
       768         52          0         28         39       3117   usart1.o
       864         52          0        308         28       3647   usart2.o

    ----------------------------------------------------------------------
     13900        628        268        624       1684     338250   Object Totals
         0          0         32          0          0          0   (incl. Generated)
         6          0          0          2          1          0   (incl. Padding)

    ----------------------------------------------------------------------

      Code (inc. data)   RO Data    RW Data    ZI Data      Debug   Library Member Name

        90          0          0          0          0          0   __dczerorl2.o
         8          0          0          0          0         68   __main.o
         0          0          0          0          0          0   __rtentry.o
        12          0          0          0          0          0   __rtentry2.o
         6          0          0          0          0          0   __rtentry4.o
        52          8          0          0          0          0   __scatter.o
        28          0          0          0          0          0   __scatter_zi.o
        12          0          0          0          0         72   exit.o
         6          0          0          0          0        152   heapauxi.o
         0          0          0          0          0          0   indicate_semi.o
         2          0          0          0          0          0   libinit.o
         2          0          0          0          0          0   libinit2.o
         2          0          0          0          0          0   libshutdown.o
         2          0          0          0          0          0   libshutdown2.o
         8          4          0          0         96         68   libspace.o
       138          0          0          0          0         68   rt_memcpy_v6.o
       100          0          0          0          0         80   rt_memcpy_w.o
         2          0          0          0          0          0   rtexit.o
        10          0          0          0          0          0   rtexit2.o
        12          4          0          0          0         68   sys_exit.o
        74          0          0          0          0         80   sys_stackheap_outer.o
         2          0          0          0          0         68   use_no_semi.o
       430          8          0          0          0        168   faddsub_clz.o
        24          0          0          0          0         68   fcmpi.o
       388         76          0          0          0         96   fdiv.o
        54          4          0          0          0         84   ffix.o
        62          4          0          0          0         84   ffixu.o
        86          0          0          0          0        136   fflt_clz.o
       104          4          0          0          0         84   fleqf.o
       258          4          0          0          0         84   fmul.o
       140          4          0          0          0         84   fnaninf.o
        10          0          0          0          0         68   fretinf.o
        98          0          0          0          0         68   frleqf.o
         0          0          0          0          0          0   usenofp.o

    ----------------------------------------------------------------------
      2240        120          0          0        100       1748   Library Totals
        18          0          0          0          4          0   (incl. Padding)

    ----------------------------------------------------------------------

      Code (inc. data)   RO Data    RW Data    ZI Data      Debug   Library Name

       568         16          0          0         96        724   c_w.l
      1654        104          0          0          0       1024   fz_ws.l

    ----------------------------------------------------------------------
      2240        120          0          0        100       1748   Library Totals

    ----------------------------------------------------------------------

==============================================================================


      Code (inc. data)   RO Data    RW Data    ZI Data      Debug   

     16140        748        268        624       1784     337550   Grand Totals
     16140        748        268         80       1784     337550   ELF Image Totals (compressed)
     16140        748        268         80          0          0   ROM Totals

==============================================================================

    Total RO  Size (Code + RO Data)                16408 (  16.02kB)
    Total RW  Size (RW Data + ZI Data)              2408 (   2.35kB)
    Total ROM Size (Code + RO Data + RW Data)      16488 (  16.10kB)

==============================================================================

